Component: ARM Compiler 5.06 update 7 (build 960) Tool: armlink [4d3601]

==============================================================================

Section Cross References

    startup_n32wb03x.o(RESET) refers to startup_n32wb03x.o(STACK) for __initial_sp
    startup_n32wb03x.o(RESET) refers to startup_n32wb03x.o(.text) for Reset_Handler
    startup_n32wb03x.o(RESET) refers to app_usart.o(i.DMA_Channel1_2_3_4_IRQHandler) for DMA_Channel1_2_3_4_IRQHandler
    startup_n32wb03x.o(.text) refers to system_n32wb03x.o(i.SystemInit) for SystemInit
    startup_n32wb03x.o(.text) refers to entry.o(.ARM.Collect$$$$00000000) for __main
    system_n32wb03x.o(i.OTPTrim_Read) refers to memseta.o(.text) for __aeabi_memclr4
    system_n32wb03x.o(i.OTPTrim_Read) refers to memcpya.o(.text) for __aeabi_memcpy
    system_n32wb03x.o(i.OTPTrim_Read) refers to system_n32wb03x.o(.constdata) for .constdata
    system_n32wb03x.o(i.RCC_HsiCalib) refers to uidiv.o(.text) for __aeabi_uidivmod
    system_n32wb03x.o(i.RCC_HsiCalib) refers to system_n32wb03x.o(.emb_text) for system_delay_cycles
    system_n32wb03x.o(i.SystemCoreClockUpdate) refers to system_n32wb03x.o(.data) for .data
    system_n32wb03x.o(i.SystemGetMacAddr) refers to system_n32wb03x.o(i.SystemTrimValueRead) for SystemTrimValueRead
    system_n32wb03x.o(i.SystemGetMacAddr) refers to system_n32wb03x.o(.bss) for .bss
    system_n32wb03x.o(i.SystemGetUUID) refers to system_n32wb03x.o(i.SystemTrimValueRead) for SystemTrimValueRead
    system_n32wb03x.o(i.SystemGetUUID) refers to system_n32wb03x.o(.bss) for .bss
    system_n32wb03x.o(i.SystemInit) refers to system_n32wb03x.o(i.SystemTrimValueRead) for SystemTrimValueRead
    system_n32wb03x.o(i.SystemInit) refers to system_n32wb03x.o(i.RCC_HsiCalib) for RCC_HsiCalib
    system_n32wb03x.o(i.SystemInit) refers to system_n32wb03x.o(.bss) for .bss
    system_n32wb03x.o(i.SystemTrimValueGet) refers to system_n32wb03x.o(i.SystemTrimValueRead) for SystemTrimValueRead
    system_n32wb03x.o(i.SystemTrimValueGet) refers to system_n32wb03x.o(.bss) for .bss
    system_n32wb03x.o(i.SystemTrimValueRead) refers to system_n32wb03x.o(i.OTPTrim_Read) for OTPTrim_Read
    system_n32wb03x.o(i.system_delay_n_10us) refers to system_n32wb03x.o(.emb_text) for system_delay_cycles
    n32wb03x_adc.o(i.ADC16Bit_ConverValueToVoltage) refers to system_n32wb03x.o(i.SystemTrimValueGet) for SystemTrimValueGet
    n32wb03x_adc.o(i.ADC16Bit_ConverValueToVoltage) refers to idiv.o(.text) for __aeabi_idivmod
    n32wb03x_adc.o(i.ADC_ConverValueToTemperature) refers to system_n32wb03x.o(i.SystemTrimValueGet) for SystemTrimValueGet
    n32wb03x_adc.o(i.ADC_ConverValueToTemperature) refers to ffltui.o(.text) for __aeabi_ui2f
    n32wb03x_adc.o(i.ADC_ConverValueToTemperature) refers to fadd.o(.text) for __aeabi_frsub
    n32wb03x_adc.o(i.ADC_ConverValueToTemperature) refers to f2d.o(.text) for __aeabi_f2d
    n32wb03x_adc.o(i.ADC_ConverValueToTemperature) refers to ddiv.o(.text) for __aeabi_ddiv
    n32wb03x_adc.o(i.ADC_ConverValueToTemperature) refers to dadd.o(.text) for __aeabi_dadd
    n32wb03x_adc.o(i.ADC_ConverValueToTemperature) refers to d2f.o(.text) for __aeabi_d2f
    n32wb03x_adc.o(i.ADC_ConverValueToVoltage) refers to system_n32wb03x.o(i.SystemTrimValueGet) for SystemTrimValueGet
    n32wb03x_adc.o(i.ADC_ConverValueToVoltage) refers to idiv.o(.text) for __aeabi_idivmod
    n32wb03x_adc.o(i.ADC_DeInit) refers to n32wb03x_rcc.o(i.RCC_EnableAHBPeriphReset) for RCC_EnableAHBPeriphReset
    n32wb03x_adc.o(i.ADC_DeInit) refers to n32wb03x_rcc.o(i.RCC_EnableAHBPeriphClk) for RCC_EnableAHBPeriphClk
    n32wb03x_gpio.o(i.GPIO_AFIOInitDefault) refers to n32wb03x_rcc.o(i.RCC_EnableAPB2PeriphReset) for RCC_EnableAPB2PeriphReset
    n32wb03x_gpio.o(i.GPIO_ConfigEXTILine) refers to n32wb03x_gpio.o(i.__ARM_common_switch8) for __ARM_common_switch8
    n32wb03x_gpio.o(i.GPIO_DeInit) refers to n32wb03x_rcc.o(i.RCC_EnableAPB2PeriphReset) for RCC_EnableAPB2PeriphReset
    n32wb03x_rcc.o(i.RCC_GetClocksFreqValue) refers to n32wb03x_rcc.o(.constdata) for .constdata
    n32wb03x_rcc.o(i.RCC_WaitHseStable) refers to n32wb03x_rcc.o(i.RCC_GetFlagStatus) for RCC_GetFlagStatus
    n32wb03x_rcc.o(i.RCC_WaitHsiStable) refers to n32wb03x_rcc.o(i.RCC_GetFlagStatus) for RCC_GetFlagStatus
    n32wb03x_tim.o(i.TIM_ConfigExtClkMode1) refers to n32wb03x_tim.o(i.TIM_ConfigExtTrig) for TIM_ConfigExtTrig
    n32wb03x_tim.o(i.TIM_ConfigExtClkMode2) refers to n32wb03x_tim.o(i.TIM_ConfigExtTrig) for TIM_ConfigExtTrig
    n32wb03x_tim.o(i.TIM_ConfigExtTrigAsClk) refers to n32wb03x_tim.o(i.ConfigTI1) for ConfigTI1
    n32wb03x_tim.o(i.TIM_ConfigExtTrigAsClk) refers to n32wb03x_tim.o(i.TIM_SelectInputTrig) for TIM_SelectInputTrig
    n32wb03x_tim.o(i.TIM_ConfigExtTrigAsClk) refers to n32wb03x_tim.o(i.ConfigTI2) for ConfigTI2
    n32wb03x_tim.o(i.TIM_ConfigInternalTrigToExt) refers to n32wb03x_tim.o(i.TIM_SelectInputTrig) for TIM_SelectInputTrig
[...]
    lld_per_adv_cte_start                    0x00024569   Thumb Code     0  symbol_g15.obj ABSOLUTE
    lld_per_adv_cte_stop                     0x000245b5   Thumb Code     0  symbol_g15.obj ABSOLUTE
    lld_per_adv_data_update                  0x00024601   Thumb Code     0  symbol_g15.obj ABSOLUTE
    lld_per_adv_end_ind_handler              0x00024679   Thumb Code     0  symbol_g15.obj ABSOLUTE
    lld_per_adv_info_get                     0x00024e89   Thumb Code     0  symbol_g15.obj ABSOLUTE
    lld_per_adv_init                         0x00024f19   Thumb Code     0  symbol_g15.obj ABSOLUTE
    lld_per_adv_init_info_get                0x00024f51   Thumb Code     0  symbol_g15.obj ABSOLUTE
    lld_per_adv_list_add                     0x00024fa5   Thumb Code     0  symbol_g15.obj ABSOLUTE
    lld_per_adv_list_rem                     0x00025041   Thumb Code     0  symbol_g15.obj ABSOLUTE
    lld_per_adv_rep_ind_handler              0x000250b9   Thumb Code     0  symbol_g15.obj ABSOLUTE
    lld_per_adv_rx_end_ind_handler           0x00025429   Thumb Code     0  symbol_g15.obj ABSOLUTE
    lld_per_adv_start                        0x00025655   Thumb Code     0  symbol_g15.obj ABSOLUTE
    lld_per_adv_stop                         0x000258a5   Thumb Code     0  symbol_g15.obj ABSOLUTE
    lld_per_adv_sync_info_get                0x00025935   Thumb Code     0  symbol_g15.obj ABSOLUTE
    lld_phy_upd_cfm_handler                  0x00025989   Thumb Code     0  symbol_g15.obj ABSOLUTE
    lld_ral_search                           0x000259c1   Thumb Code     0  symbol_g15.obj ABSOLUTE
    lld_read_clock                           0x00025a1d   Thumb Code     0  symbol_g15.obj ABSOLUTE
    lld_res_list_add                         0x00025a2d   Thumb Code     0  symbol_g15.obj ABSOLUTE
    lld_res_list_clear                       0x00025ae1   Thumb Code     0  symbol_g15.obj ABSOLUTE
    lld_res_list_local_rpa_get               0x00025b01   Thumb Code     0  symbol_g15.obj ABSOLUTE
    lld_res_list_peer_rpa_get                0x00025b35   Thumb Code     0  symbol_g15.obj ABSOLUTE
    lld_res_list_peer_update                 0x00025b6d   Thumb Code     0  symbol_g15.obj ABSOLUTE
    lld_res_list_priv_mode_update            0x00025b89   Thumb Code     0  symbol_g15.obj ABSOLUTE
    lld_res_list_rem                         0x00025bad   Thumb Code     0  symbol_g15.obj ABSOLUTE
    lld_rpa_renew                            0x00025bc5   Thumb Code     0  symbol_g15.obj ABSOLUTE
    lld_rxdesc_check                         0x00025d1d   Thumb Code     0  symbol_g15.obj ABSOLUTE
    lld_rxdesc_free                          0x00025d49   Thumb Code     0  symbol_g15.obj ABSOLUTE
    lld_scan_create_sync                     0x00026071   Thumb Code     0  symbol_g15.obj ABSOLUTE
    lld_scan_create_sync_cancel              0x000260b9   Thumb Code     0  symbol_g15.obj ABSOLUTE
    lld_scan_end_ind_handler                 0x000261e9   Thumb Code     0  symbol_g15.obj ABSOLUTE
    lld_scan_init                            0x000266c5   Thumb Code     0  symbol_g15.obj ABSOLUTE
    lld_scan_params_update                   0x00026715   Thumb Code     0  symbol_g15.obj ABSOLUTE
    lld_scan_req_ind_handler                 0x000272c1   Thumb Code     0  symbol_g15.obj ABSOLUTE
    lld_scan_restart                         0x0002730d   Thumb Code     0  symbol_g15.obj ABSOLUTE
    lld_scan_start                           0x00027371   Thumb Code     0  symbol_g15.obj ABSOLUTE
    lld_scan_stop                            0x00027831   Thumb Code     0  symbol_g15.obj ABSOLUTE
    lld_sync_ch_map_update                   0x000279c5   Thumb Code     0  symbol_g15.obj ABSOLUTE
    lld_sync_cte_start                       0x00027a39   Thumb Code     0  symbol_g15.obj ABSOLUTE
    lld_sync_cte_stop                        0x00027a81   Thumb Code     0  symbol_g15.obj ABSOLUTE
    lld_sync_info_get                        0x00027ca5   Thumb Code     0  symbol_g15.obj ABSOLUTE
    lld_sync_init                            0x00027d31   Thumb Code     0  symbol_g15.obj ABSOLUTE
    lld_sync_start                           0x00028545   Thumb Code     0  symbol_g15.obj ABSOLUTE
    lld_sync_start_req_handler               0x00028701   Thumb Code     0  symbol_g15.obj ABSOLUTE
    lld_sync_stop                            0x000287e5   Thumb Code     0  symbol_g15.obj ABSOLUTE
    lld_test_end_ind_handler                 0x00028859   Thumb Code     0  symbol_g15.obj ABSOLUTE
    lld_test_init                            0x00028af9   Thumb Code     0  symbol_g15.obj ABSOLUTE
    lld_test_start                           0x00028b25   Thumb Code     0  symbol_g15.obj ABSOLUTE
    lld_test_stop                            0x00028fa1   Thumb Code     0  symbol_g15.obj ABSOLUTE
    lld_white_list_add                       0x00029059   Thumb Code     0  symbol_g15.obj ABSOLUTE
    lld_white_list_rem                       0x000290e1   Thumb Code     0  symbol_g15.obj ABSOLUTE
    llhwc_phy_initialization                 0x00029145   Thumb Code     0  symbol_g15.obj ABSOLUTE
    llhwc_phy_prerx                          0x00029315   Thumb Code     0  symbol_g15.obj ABSOLUTE
    llm_activity_free_get                    0x00029401   Thumb Code     0  symbol_g15.obj ABSOLUTE
    llm_adv_act_id_get                       0x00029459   Thumb Code     0  symbol_g15.obj ABSOLUTE
    llm_adv_hdl_to_id                        0x000294b5   Thumb Code     0  symbol_g15.obj ABSOLUTE
    llm_adv_set_id_get                       0x00029599   Thumb Code     0  symbol_g15.obj ABSOLUTE
    llm_ch_map_update                        0x00029705   Thumb Code     0  symbol_g15.obj ABSOLUTE
    llm_ch_map_update_ind_handler            0x00029845   Thumb Code     0  symbol_g15.obj ABSOLUTE
    llm_clk_acc_set                          0x000298b1   Thumb Code     0  symbol_g15.obj ABSOLUTE
    llm_cmd_cmp_send                         0x000298e1   Thumb Code     0  symbol_g15.obj ABSOLUTE
    llm_cmd_stat_send                        0x000298fd   Thumb Code     0  symbol_g15.obj ABSOLUTE
    llm_dev_list_empty_entry                 0x00029919   Thumb Code     0  symbol_g15.obj ABSOLUTE
    llm_dev_list_search                      0x0002993d   Thumb Code     0  symbol_g15.obj ABSOLUTE
    llm_hci_command_handler                  0x000299e9   Thumb Code     0  symbol_g15.obj ABSOLUTE
    llm_init                                 0x00029a1d   Thumb Code     0  symbol_g15.obj ABSOLUTE
    llm_is_dev_connected                     0x00029b91   Thumb Code     0  symbol_g15.obj ABSOLUTE
    llm_is_dev_synced                        0x00029be5   Thumb Code     0  symbol_g15.obj ABSOLUTE
    llm_le_evt_mask_check                    0x00029cd5   Thumb Code     0  symbol_g15.obj ABSOLUTE
    llm_le_features_get                      0x00029cf9   Thumb Code     0  symbol_g15.obj ABSOLUTE
    llm_link_disc                            0x00029d01   Thumb Code     0  symbol_g15.obj ABSOLUTE
    llm_master_ch_map_get                    0x00029ddd   Thumb Code     0  symbol_g15.obj ABSOLUTE
    llm_per_adv_sync                         0x00029e21   Thumb Code     0  symbol_g15.obj ABSOLUTE
    llm_plan_elt_get                         0x00029efd   Thumb Code     0  symbol_g15.obj ABSOLUTE
    llm_ral_get                              0x00029f4d   Thumb Code     0  symbol_g15.obj ABSOLUTE
    llm_ral_is_empty                         0x00029f55   Thumb Code     0  symbol_g15.obj ABSOLUTE
    llm_ral_search                           0x00029f7d   Thumb Code     0  symbol_g15.obj ABSOLUTE
    llm_rx_path_comp_get                     0x00029fd5   Thumb Code     0  symbol_g15.obj ABSOLUTE
    llm_scan_period_to_handler               0x00029fe1   Thumb Code     0  symbol_g15.obj ABSOLUTE
    llm_scan_sync_info_get                   0x0002a0e5   Thumb Code     0  symbol_g15.obj ABSOLUTE
    llm_tx_path_comp_get                     0x0002a155   Thumb Code     0  symbol_g15.obj ABSOLUTE
    lpuart_init                              0x0002a161   Thumb Code     0  symbol_g15.obj ABSOLUTE
    lpuart_send_array                        0x0002a215   Thumb Code     0  symbol_g15.obj ABSOLUTE
    notEqual256                              0x0002a3a9   Thumb Code     0  symbol_g15.obj ABSOLUTE
    phy_upd_proc_start                       0x0002a731   Thumb Code     0  symbol_g15.obj ABSOLUTE
    platform_reset                           0x0002a785   Thumb Code     0  symbol_g15.obj ABSOLUTE
    pmu_hck_config                           0x0002a7bd   Thumb Code     0  symbol_g15.obj ABSOLUTE
    recv_more_data                           0x0002aa05   Thumb Code     0  symbol_g15.obj ABSOLUTE
    reinit_params                            0x0002aa81   Thumb Code     0  symbol_g15.obj ABSOLUTE
    rf_init                                  0x0002aae1   Thumb Code     0  symbol_g15.obj ABSOLUTE
    rwble_hl_init                            0x0002ac85   Thumb Code     0  symbol_g15.obj ABSOLUTE
    rwble_init                               0x0002aca1   Thumb Code     0  symbol_g15.obj ABSOLUTE
    rwble_int_init                           0x0002acdd   Thumb Code     0  symbol_g15.obj ABSOLUTE
    rwble_isr                                0x0002ae31   Thumb Code     0  symbol_g15.obj ABSOLUTE
    rwip_active_check                        0x0002ae4d   Thumb Code     0  symbol_g15.obj ABSOLUTE
    rwip_aes_encrypt                         0x0002ae61   Thumb Code     0  symbol_g15.obj ABSOLUTE
    rwip_clockn_isr                          0x0002af21   Thumb Code     0  symbol_g15.obj ABSOLUTE
    rwip_crypt_isr                           0x0002afe5   Thumb Code     0  symbol_g15.obj ABSOLUTE
    rwip_driver_init                         0x0002b025   Thumb Code     0  symbol_g15.obj ABSOLUTE
    rwip_eif_get                             0x0002b16d   Thumb Code     0  symbol_g15.obj ABSOLUTE
    rwip_fifo_isr                            0x0002b17d   Thumb Code     0  symbol_g15.obj ABSOLUTE
    rwip_finetgt_isr                         0x0002b195   Thumb Code     0  symbol_g15.obj ABSOLUTE
    rwip_prevent_sleep_clear                 0x0002b2b5   Thumb Code     0  symbol_g15.obj ABSOLUTE
    rwip_prevent_sleep_set                   0x0002b2d1   Thumb Code     0  symbol_g15.obj ABSOLUTE
    rwip_schedule                            0x0002b3a1   Thumb Code     0  symbol_g15.obj ABSOLUTE
    rwip_sw_int_req                          0x0002b61d   Thumb Code     0  symbol_g15.obj ABSOLUTE
    rwip_sw_isr                              0x0002b63d   Thumb Code     0  symbol_g15.obj ABSOLUTE
    rwip_time_get                            0x0002b65d   Thumb Code     0  symbol_g15.obj ABSOLUTE
    rwip_timer_1ms_set                       0x0002b69d   Thumb Code     0  symbol_g15.obj ABSOLUTE
    rwip_timer_hs_set                        0x0002b6f1   Thumb Code     0  symbol_g15.obj ABSOLUTE
    rwip_timer_hus_set                       0x0002b721   Thumb Code     0  symbol_g15.obj ABSOLUTE
    rwip_timestamptgt1_isr                   0x0002b761   Thumb Code     0  symbol_g15.obj ABSOLUTE
    rwip_timestamptgt2_isr                   0x0002b78d   Thumb Code     0  symbol_g15.obj ABSOLUTE
    sch_alarm_init                           0x0002b7d5   Thumb Code     0  symbol_g15.obj ABSOLUTE
    sch_alarm_set                            0x0002b859   Thumb Code     0  symbol_g15.obj ABSOLUTE
    sch_alarm_timer_isr                      0x0002b8f1   Thumb Code     0  symbol_g15.obj ABSOLUTE
    sch_arb_elt_cancel                       0x0002ba25   Thumb Code     0  symbol_g15.obj ABSOLUTE
    sch_arb_event_start_isr                  0x0002bb29   Thumb Code     0  symbol_g15.obj ABSOLUTE
    sch_arb_init                             0x0002bbed   Thumb Code     0  symbol_g15.obj ABSOLUTE
    sch_arb_insert                           0x0002bc19   Thumb Code     0  symbol_g15.obj ABSOLUTE
    sch_arb_remove                           0x0002bec5   Thumb Code     0  symbol_g15.obj ABSOLUTE
    sch_arb_sw_isr                           0x0002bf29   Thumb Code     0  symbol_g15.obj ABSOLUTE
    sch_plan_chk                             0x0002bf5d   Thumb Code     0  symbol_g15.obj ABSOLUTE
    sch_plan_init                            0x0002bf6d   Thumb Code     0  symbol_g15.obj ABSOLUTE
    sch_plan_rem                             0x0002c231   Thumb Code     0  symbol_g15.obj ABSOLUTE
    sch_plan_req                             0x0002c241   Thumb Code     0  symbol_g15.obj ABSOLUTE
    sch_plan_set                             0x0002c30d   Thumb Code     0  symbol_g15.obj ABSOLUTE
    sch_prog_end_isr                         0x0002c381   Thumb Code     0  symbol_g15.obj ABSOLUTE
    sch_prog_fifo_isr                        0x0002c3ed   Thumb Code     0  symbol_g15.obj ABSOLUTE
    sch_prog_init                            0x0002c4d9   Thumb Code     0  symbol_g15.obj ABSOLUTE
    sch_prog_push                            0x0002c519   Thumb Code     0  symbol_g15.obj ABSOLUTE
    sch_prog_skip_isr                        0x0002c651   Thumb Code     0  symbol_g15.obj ABSOLUTE
    sch_slice_bg_add                         0x0002c6c5   Thumb Code     0  symbol_g15.obj ABSOLUTE
    sch_slice_bg_remove                      0x0002c6dd   Thumb Code     0  symbol_g15.obj ABSOLUTE
    sch_slice_compute                        0x0002c6f5   Thumb Code     0  symbol_g15.obj ABSOLUTE
    sch_slice_fg_add                         0x0002c7a1   Thumb Code     0  symbol_g15.obj ABSOLUTE
    sch_slice_fg_remove                      0x0002c7c1   Thumb Code     0  symbol_g15.obj ABSOLUTE
    sch_slice_init                           0x0002c7f1   Thumb Code     0  symbol_g15.obj ABSOLUTE
    sch_slice_per_add                        0x0002c835   Thumb Code     0  symbol_g15.obj ABSOLUTE
    sch_slice_per_remove                     0x0002c85d   Thumb Code     0  symbol_g15.obj ABSOLUTE
    sleep_condition_check                    0x0002c885   Thumb Code     0  symbol_g15.obj ABSOLUTE
    soft_flow_ctrl_init                      0x0002c91d   Thumb Code     0  symbol_g15.obj ABSOLUTE
    soft_flow_ctrl_tx_process                0x0002c969   Thumb Code     0  symbol_g15.obj ABSOLUTE
    specialModP256                           0x0002c9dd   Thumb Code     0  symbol_g15.obj ABSOLUTE
    spis_init                                0x0002cad5   Thumb Code     0  symbol_g15.obj ABSOLUTE
    stage_idle_irq_handler                   0x0002cb39   Thumb Code     0  symbol_g15.obj ABSOLUTE
    stage_idle_reset                         0x0002cbb5   Thumb Code     0  symbol_g15.obj ABSOLUTE
    stage_rx_irq_handler                     0x0002cc25   Thumb Code     0  symbol_g15.obj ABSOLUTE
    stage_tx_irq_handler                     0x0002cc41   Thumb Code     0  symbol_g15.obj ABSOLUTE
    stage_tx_len_irq_handler                 0x0002cd21   Thumb Code     0  symbol_g15.obj ABSOLUTE
    user_exe_operation                       0x0002cd89   Thumb Code     0  symbol_g15.obj ABSOLUTE
    user_prf_itf_get                         0x0002d011   Thumb Code     0  symbol_g15.obj ABSOLUTE
    utils_data_ready_off                     0x0002d045   Thumb Code     0  symbol_g15.obj ABSOLUTE
    utils_data_ready_on                      0x0002d055   Thumb Code     0  symbol_g15.obj ABSOLUTE
    utils_flow_off                           0x0002d085   Thumb Code     0  symbol_g15.obj ABSOLUTE
    utils_flow_on                            0x0002d0b1   Thumb Code     0  symbol_g15.obj ABSOLUTE
    utils_get_tx_len                         0x0002d0d9   Thumb Code     0  symbol_g15.obj ABSOLUTE
    utils_hci_cmd_check                      0x0002d121   Thumb Code     0  symbol_g15.obj ABSOLUTE
    utils_hci_cmd_reset                      0x0002d1b9   Thumb Code     0  symbol_g15.obj ABSOLUTE
    utils_io_init                            0x0002d22d   Thumb Code     0  symbol_g15.obj ABSOLUTE
    utils_io_sleep                           0x0002d289   Thumb Code     0  symbol_g15.obj ABSOLUTE
    utils_read                               0x0002d33d   Thumb Code     0  symbol_g15.obj ABSOLUTE
    utils_read_wakeup_stat                   0x0002d4c9   Thumb Code     0  symbol_g15.obj ABSOLUTE
    utils_wakeup_int_enable                  0x0002d4d9   Thumb Code     0  symbol_g15.obj ABSOLUTE
    utils_write                              0x0002d521   Thumb Code     0  symbol_g15.obj ABSOLUTE
    wakeup_irq_handler                       0x0002d691   Thumb Code     0  symbol_g15.obj ABSOLUTE
    one_bits                                 0x0002d740   Data           0  symbol_g15.obj ABSOLUTE
    co_sca2ppm                               0x0002d750   Data           0  symbol_g15.obj ABSOLUTE
    co_null_bdaddr                           0x0002d760   Data           0  symbol_g15.obj ABSOLUTE
    co_null_key                              0x0002d766   Data           0  symbol_g15.obj ABSOLUTE
    co_rate_to_phy                           0x0002d776   Data           0  symbol_g15.obj ABSOLUTE
    co_phy_to_rate                           0x0002d77b   Data           0  symbol_g15.obj ABSOLUTE
    co_phy_mask_to_value                     0x0002d77f   Data           0  symbol_g15.obj ABSOLUTE
    co_phy_value_to_mask                     0x0002d784   Data           0  symbol_g15.obj ABSOLUTE
    co_rate_to_phy_mask                      0x0002d788   Data           0  symbol_g15.obj ABSOLUTE
    co_phy_mask_to_rate                      0x0002d78c   Data           0  symbol_g15.obj ABSOLUTE
    rwip_priority                            0x0002d791   Data           0  symbol_g15.obj ABSOLUTE
    aes_cmac_zero                            0x0002d7a7   Data           0  symbol_g15.obj ABSOLUTE
    BasePoint_x_256                          0x0002d7b8   Data           0  symbol_g15.obj ABSOLUTE
    BasePoint_y_256                          0x0002d7d8   Data           0  symbol_g15.obj ABSOLUTE
    maxSecretKey_256                         0x0002d7f8   Data           0  symbol_g15.obj ABSOLUTE
    DebugE256PublicKey_x                     0x0002d818   Data           0  symbol_g15.obj ABSOLUTE
    DebugE256PublicKey_y                     0x0002d838   Data           0  symbol_g15.obj ABSOLUTE
    DebugE256SecretKey                       0x0002d858   Data           0  symbol_g15.obj ABSOLUTE
    coef_B                                   0x0002d878   Data           0  symbol_g15.obj ABSOLUTE
    bigHexP256                               0x0002d8a4   Data           0  symbol_g15.obj ABSOLUTE
    veryBigHexP256                           0x0002d8d0   Data           0  symbol_g15.obj ABSOLUTE
    ecc_Jacobian_InfinityPoint256            0x0002d920   Data           0  symbol_g15.obj ABSOLUTE
    ECC_4Win_Look_up_table                   0x0002d9a4   Data           0  symbol_g15.obj ABSOLUTE
    TASK_DESC_LLC                            0x0002e4bc   Data           0  symbol_g15.obj ABSOLUTE
    LLM_AA_CT2                               0x0002e4c8   Data           0  symbol_g15.obj ABSOLUTE
    LLM_AA_CT1                               0x0002e4ca   Data           0  symbol_g15.obj ABSOLUTE
    connect_req_dur_tab                      0x0002e4d0   Data           0  symbol_g15.obj ABSOLUTE
    byte_tx_time                             0x0002e4d8   Data           0  symbol_g15.obj ABSOLUTE
    fixed_tx_time                            0x0002e4e0   Data           0  symbol_g15.obj ABSOLUTE
    lld_init_max_aux_dur_tab                 0x0002e4e8   Data           0  symbol_g15.obj ABSOLUTE
    lld_scan_map_legacy_pdu_to_evt_type      0x0002e4f0   Data           0  symbol_g15.obj ABSOLUTE
    lld_scan_max_aux_dur_tab                 0x0002e4f8   Data           0  symbol_g15.obj ABSOLUTE
    lld_sync_max_aux_dur_tab                 0x0002e500   Data           0  symbol_g15.obj ABSOLUTE
    hci_cmd_desc_tab_lk_ctrl                 0x0002e8e4   Data           0  symbol_g15.obj ABSOLUTE
    hci_cmd_desc_tab_ctrl_bb                 0x0002e8fc   Data           0  symbol_g15.obj ABSOLUTE
    hci_cmd_desc_tab_info_par                0x0002e968   Data           0  symbol_g15.obj ABSOLUTE
    hci_cmd_desc_tab_stat_par                0x0002e998   Data           0  symbol_g15.obj ABSOLUTE
    hci_cmd_desc_tab_le                      0x0002e9a4   Data           0  symbol_g15.obj ABSOLUTE
    hci_cmd_desc_tab_vs                      0x0002ee0c   Data           0  symbol_g15.obj ABSOLUTE
    hci_cmd_desc_root_tab                    0x0002ee48   Data           0  symbol_g15.obj ABSOLUTE
    hci_evt_desc_tab                         0x0002ee78   Data           0  symbol_g15.obj ABSOLUTE
    hci_evt_le_desc_tab                      0x0002eec0   Data           0  symbol_g15.obj ABSOLUTE
    utils_api                                0x0002ef90   Data           0  symbol_g15.obj ABSOLUTE
    ambiq_speed_att_db_128                   0x0002f148   Data           0  symbol_g15.obj ABSOLUTE
    attc_handlers                            0x0002f3f8   Data           0  symbol_g15.obj ABSOLUTE
    atts_handlers                            0x0002f434   Data           0  symbol_g15.obj ABSOLUTE
    TASK_DESC_GATTC                          0x0002f514   Data           0  symbol_g15.obj ABSOLUTE
    TASK_DESC_GATTM                          0x0002f530   Data           0  symbol_g15.obj ABSOLUTE
    gapc_sig_handlers                        0x0002f62c   Data           0  symbol_g15.obj ABSOLUTE
    TASK_DESC_GAPC                           0x0002f7bc   Data           0  symbol_g15.obj ABSOLUTE
    TASK_DESC_GAPM                           0x0002fa08   Data           0  symbol_g15.obj ABSOLUTE
    l2cc_sig_handlers                        0x0002fb28   Data           0  symbol_g15.obj ABSOLUTE
    TASK_DESC_L2CC                           0x0002fb88   Data           0  symbol_g15.obj ABSOLUTE
    TASK_DESC_AHI                            0x0002fb9c   Data           0  symbol_g15.obj ABSOLUTE
    __Vectors                                0x01000000   Data           4  startup_n32wb03x.o(RESET)
    __Vectors_End                            0x010000c0   Data           0  startup_n32wb03x.o(RESET)
    __main                                   0x010000c1   Thumb Code     0  entry.o(.ARM.Collect$$$$00000000)
    _main_stk                                0x010000c1   Thumb Code     0  entry2.o(.ARM.Collect$$$$00000001)
    _main_scatterload                        0x010000c5   Thumb Code     0  entry5.o(.ARM.Collect$$$$00000004)
    __main_after_scatterload                 0x010000c9   Thumb Code     0  entry5.o(.ARM.Collect$$$$00000004)
    _main_clock                              0x010000c9   Thumb Code     0  entry7b.o(.ARM.Collect$$$$00000008)
    _main_cpp_init                           0x010000c9   Thumb Code     0  entry8b.o(.ARM.Collect$$$$0000000A)
    _main_init                               0x010000c9   Thumb Code     0  entry9a.o(.ARM.Collect$$$$0000000B)
    __rt_lib_shutdown_fini                   0x010000d1   Thumb Code     0  entry12b.o(.ARM.Collect$$$$0000000E)
    __rt_final_cpp                           0x010000d5   Thumb Code     0  entry10a.o(.ARM.Collect$$$$0000000F)
    __rt_final_exit                          0x010000d5   Thumb Code     0  entry11a.o(.ARM.Collect$$$$00000011)
    __asm___17_system_n32wb03x_c_f233b82c____REV16 0x010000d9   Thumb Code     4  system_n32wb03x.o(.emb_text)
    __asm___17_system_n32wb03x_c_f233b82c____REVSH 0x010000dd   Thumb Code     4  system_n32wb03x.o(.emb_text)
    system_delay_cycles                      0x010000e1   Thumb Code     6  system_n32wb03x.o(.emb_text)
    Reset_Handler                            0x010000e9   Thumb Code     8  startup_n32wb03x.o(.text)
    NMI_Handler                              0x010000f1   Thumb Code     2  startup_n32wb03x.o(.text)
    HardFault_Handler                        0x010000f3   Thumb Code     2  startup_n32wb03x.o(.text)
    SVC_Handler                              0x010000f5   Thumb Code     2  startup_n32wb03x.o(.text)
    PendSV_Handler                           0x010000f7   Thumb Code     2  startup_n32wb03x.o(.text)
    SysTick_Handler                          0x010000f9   Thumb Code     2  startup_n32wb03x.o(.text)
    ADC_IRQHandler                           0x010000fb   Thumb Code     0  startup_n32wb03x.o(.text)
    BLE_CRYPT_IRQHandler                     0x010000fb   Thumb Code     0  startup_n32wb03x.o(.text)
    BLE_ERROR_IRQHandler                     0x010000fb   Thumb Code     0  startup_n32wb03x.o(.text)
    BLE_FIFO_IRQHandler                      0x010000fb   Thumb Code     0  startup_n32wb03x.o(.text)
    BLE_FINETGT_IRQHandler                   0x010000fb   Thumb Code     0  startup_n32wb03x.o(.text)
    BLE_HSLOT_IRQHandler                     0x010000fb   Thumb Code     0  startup_n32wb03x.o(.text)
    BLE_SLP_IRQHandler                       0x010000fb   Thumb Code     0  startup_n32wb03x.o(.text)
    BLE_SW_IRQHandler                        0x010000fb   Thumb Code     0  startup_n32wb03x.o(.text)
    BLE_TIMESTAMP_TGT1_IRQHandler            0x010000fb   Thumb Code     0  startup_n32wb03x.o(.text)
    BLE_TIMESTAMP_TGT2_IRQHandler            0x010000fb   Thumb Code     0  startup_n32wb03x.o(.text)
    DMA_Channel5_IRQHandler                  0x010000fb   Thumb Code     0  startup_n32wb03x.o(.text)
    EXTI0_1_IRQHandler                       0x010000fb   Thumb Code     0  startup_n32wb03x.o(.text)
    EXTI2_3_IRQHandler                       0x010000fb   Thumb Code     0  startup_n32wb03x.o(.text)
    EXTI4_12_IRQHandler                      0x010000fb   Thumb Code     0  startup_n32wb03x.o(.text)
    FLASH_IRQHandler                         0x010000fb   Thumb Code     0  startup_n32wb03x.o(.text)
    I2C1_IRQHandler                          0x010000fb   Thumb Code     0  startup_n32wb03x.o(.text)
    IRC_IRQHandler                           0x010000fb   Thumb Code     0  startup_n32wb03x.o(.text)
    KEYSCAN_IRQHandler                       0x010000fb   Thumb Code     0  startup_n32wb03x.o(.text)
    LPUART1_IRQHandler                       0x010000fb   Thumb Code     0  startup_n32wb03x.o(.text)
    RCC_IRQHandler                           0x010000fb   Thumb Code     0  startup_n32wb03x.o(.text)
    RESERVED_IRQHandler                      0x010000fb   Thumb Code     0  startup_n32wb03x.o(.text)
    RTC_IRQHandler                           0x010000fb   Thumb Code     0  startup_n32wb03x.o(.text)
    SPI1_IRQHandler                          0x010000fb   Thumb Code     0  startup_n32wb03x.o(.text)
    SPI2_IRQHandler                          0x010000fb   Thumb Code     0  startup_n32wb03x.o(.text)
    TIM1_BRK_UP_TRG_COM_IRQHandler           0x010000fb   Thumb Code     0  startup_n32wb03x.o(.text)
    TIM1_CC_IRQHandler                       0x010000fb   Thumb Code     0  startup_n32wb03x.o(.text)
    TIM3_IRQHandler                          0x010000fb   Thumb Code     0  startup_n32wb03x.o(.text)
    TIM6_IRQHandler                          0x010000fb   Thumb Code     0  startup_n32wb03x.o(.text)
    USART1_IRQHandler                        0x010000fb   Thumb Code     0  startup_n32wb03x.o(.text)
    USART2_IRQHandler                        0x010000fb   Thumb Code     0  startup_n32wb03x.o(.text)
    WWDG_IRQHandler                          0x010000fb   Thumb Code     0  startup_n32wb03x.o(.text)
    __aeabi_uidiv                            0x01000105   Thumb Code     0  uidiv.o(.text)
    __aeabi_uidivmod                         0x01000105   Thumb Code    44  uidiv.o(.text)
    __aeabi_uldivmod                         0x01000131   Thumb Code    96  uldiv.o(.text)
    rand                                     0x01000191   Thumb Code    18  rand.o(.text)
    srand                                    0x010001a3   Thumb Code     6  rand.o(.text)
    __aeabi_memcpy                           0x010001b5   Thumb Code    36  memcpya.o(.text)
    __aeabi_memcpy4                          0x010001b5   Thumb Code     0  memcpya.o(.text)
    __aeabi_memcpy8                          0x010001b5   Thumb Code     0  memcpya.o(.text)
    __aeabi_memset                           0x010001d9   Thumb Code    14  memseta.o(.text)
    __aeabi_memset4                          0x010001d9   Thumb Code     0  memseta.o(.text)
    __aeabi_memset8                          0x010001d9   Thumb Code     0  memseta.o(.text)
    __aeabi_memclr                           0x010001e7   Thumb Code     4  memseta.o(.text)
    __aeabi_memclr4                          0x010001e7   Thumb Code     0  memseta.o(.text)
    __aeabi_memclr8                          0x010001e7   Thumb Code     0  memseta.o(.text)
    _memset$wrapper                          0x010001eb   Thumb Code    18  memseta.o(.text)
    memcmp                                   0x010001fd   Thumb Code    26  memcmp.o(.text)
    __aeabi_dmul                             0x01000219   Thumb Code   202  dmul.o(.text)
    __aeabi_ddiv                             0x010002e9   Thumb Code   234  ddiv.o(.text)
    __aeabi_ui2d                             0x010003d9   Thumb Code    24  dfltui.o(.text)
    __aeabi_ul2d                             0x010003f5   Thumb Code    22  dfltul.o(.text)
    __aeabi_d2ulz                            0x01000411   Thumb Code    54  dfixul.o(.text)
    __aeabi_llsl                             0x01000451   Thumb Code    32  llshl.o(.text)
    _ll_shift_l                              0x01000451   Thumb Code     0  llshl.o(.text)
    __aeabi_llsr                             0x01000471   Thumb Code    34  llushr.o(.text)
    _ll_ushift_r                             0x01000471   Thumb Code     0  llushr.o(.text)
    __I$use$fp                               0x01000493   Thumb Code     0  iusefp.o(.text)
    _double_round                            0x01000493   Thumb Code    26  depilogue.o(.text)
    _double_epilogue                         0x010004ad   Thumb Code   164  depilogue.o(.text)
    __scatterload                            0x01000551   Thumb Code    28  init.o(.text)
    __scatterload_rt2                        0x01000551   Thumb Code     0  init.o(.text)
    __decompress                             0x01000575   Thumb Code     0  __dclz77c.o(.text)
    __decompress2                            0x01000575   Thumb Code    96  __dclz77c.o(.text)
    Long Thumb to Thumb Veneer to attm_svc_create_db 0x010005d5   Thumb Code    12  anon$$obj.o(Veneer$$Code)
    Long Thumb to Thumb Veneer to ahi_init   0x010005e1   Thumb Code    12  anon$$obj.o(Veneer$$Code)
    Long Thumb to Thumb Veneer to __ARM_common_ll_muluu 0x010005ed   Thumb Code    12  anon$$obj.o(Veneer$$Code)
    DMA_Channel1_2_3_4_IRQHandler            0x010005f9   Thumb Code    72  app_usart.o(i.DMA_Channel1_2_3_4_IRQHandler)
    DMA_ClearFlag                            0x01000649   Thumb Code     4  n32wb03x_dma.o(i.DMA_ClearFlag)
    DMA_ConfigInt                            0x0100064d   Thumb Code    16  n32wb03x_dma.o(i.DMA_ConfigInt)
    DMA_Configuration                        0x0100065d   Thumb Code   120  app_usart.o(i.DMA_Configuration)
    DMA_DeInit                               0x010006e1   Thumb Code   100  n32wb03x_dma.o(i.DMA_DeInit)
    DMA_EnableChannel                        0x0100074d   Thumb Code    20  n32wb03x_dma.o(i.DMA_EnableChannel)
    DMA_GetCurrDataCounter                   0x01000765   Thumb Code     6  n32wb03x_dma.o(i.DMA_GetCurrDataCounter)
    DMA_GetFlagStatus                        0x0100076b   Thumb Code    14  n32wb03x_dma.o(i.DMA_GetFlagStatus)
    DMA_Init                                 0x01000779   Thumb Code    56  n32wb03x_dma.o(i.DMA_Init)
    DMA_RequestRemap                         0x010007b5   Thumb Code    12  n32wb03x_dma.o(i.DMA_RequestRemap)
    EXTI_ClrITPendBit                        0x010007c1   Thumb Code     6  n32wb03x_exti.o(i.EXTI_ClrITPendBit)
    EXTI_GetITStatus                         0x010007cd   Thumb Code    24  n32wb03x_exti.o(i.EXTI_GetITStatus)
    EXTI_InitPeripheral                      0x010007e9   Thumb Code   102  n32wb03x_exti.o(i.EXTI_InitPeripheral)
    GPIO_Configuration                       0x01000855   Thumb Code    40  ns_log_lpuart.o(i.GPIO_Configuration)
    GPIO_Configuration_USART                 0x01000881   Thumb Code    50  app_usart.o(i.GPIO_Configuration_USART)
    GPIO_InitPeripheral                      0x010008b9   Thumb Code   176  n32wb03x_gpio.o(i.GPIO_InitPeripheral)
    GPIO_InitStruct                          0x01000969   Thumb Code    22  n32wb03x_gpio.o(i.GPIO_InitStruct)
    LPUART_ClrFlag                           0x01000985   Thumb Code     4  n32wb03x_lpuart.o(i.LPUART_ClrFlag)
    LPUART_ConfigSamplingMethod              0x01000989   Thumb Code    16  n32wb03x_lpuart.o(i.LPUART_ConfigSamplingMethod)
    LPUART_DeInit                            0x01000999   Thumb Code    24  n32wb03x_lpuart.o(i.LPUART_DeInit)
    LPUART_GetFlagStatus                     0x010009b9   Thumb Code    14  n32wb03x_lpuart.o(i.LPUART_GetFlagStatus)
    LPUART_Init                              0x010009c9   Thumb Code   176  n32wb03x_lpuart.o(i.LPUART_Init)
    LPUART_SendData                          0x01000a89   Thumb Code     4  n32wb03x_lpuart.o(i.LPUART_SendData)
    NVIC_Configuration                       0x01000b21   Thumb Code    50  app_usart.o(i.NVIC_Configuration)
    NVIC_Init                                0x01000b59   Thumb Code   102  misc.o(i.NVIC_Init)
    OTPTrim_Read                             0x01000c29   Thumb Code   182  system_n32wb03x.o(i.OTPTrim_Read)
    Qflash_Erase_Sector                      0x01000cf1   Thumb Code    30  n32wb03x_qflash.o(i.Qflash_Erase_Sector)
    Qflash_Init                              0x01000d15   Thumb Code    34  n32wb03x_qflash.o(i.Qflash_Init)
    Qflash_Write                             0x01000d45   Thumb Code    30  n32wb03x_qflash.o(i.Qflash_Write)
    RCC_ConfigLpuartClk                      0x01000d69   Thumb Code    24  n32wb03x_rcc.o(i.RCC_ConfigLpuartClk)
    RCC_Configuration                        0x01000d85   Thumb Code    30  ns_log_lpuart.o(i.RCC_Configuration)
    RCC_Configuration_USART                  0x01000da3   Thumb Code    28  app_usart.o(i.RCC_Configuration_USART)
    RCC_EnableAHBPeriphClk                   0x01000dc1   Thumb Code    18  n32wb03x_rcc.o(i.RCC_EnableAHBPeriphClk)
    RCC_EnableAPB2PeriphClk                  0x01000dd9   Thumb Code    18  n32wb03x_rcc.o(i.RCC_EnableAPB2PeriphClk)
    RCC_EnableLpuartClk                      0x01000df1   Thumb Code    20  n32wb03x_rcc.o(i.RCC_EnableLpuartClk)
    RCC_GetClocksFreqValue                   0x01000e09   Thumb Code    90  n32wb03x_rcc.o(i.RCC_GetClocksFreqValue)
    RCC_GetLpuartClkSrc                      0x01000e79   Thumb Code    10  n32wb03x_rcc.o(i.RCC_GetLpuartClkSrc)
    SystemGetMacAddr                         0x01000f61   Thumb Code    42  system_n32wb03x.o(i.SystemGetMacAddr)
    SystemInit                               0x01000f91   Thumb Code   172  system_n32wb03x.o(i.SystemInit)
    SystemTrimValueRead                      0x01001065   Thumb Code    16  system_n32wb03x.o(i.SystemTrimValueRead)
    USART_Enable                             0x01001075   Thumb Code    22  n32wb03x_usart.o(i.USART_Enable)
    USART_EnableDMA                          0x01001091   Thumb Code    16  n32wb03x_usart.o(i.USART_EnableDMA)
    USART_GetFlagStatus                      0x010010a1   Thumb Code    14  n32wb03x_usart.o(i.USART_GetFlagStatus)
    USART_Init                               0x010010b1   Thumb Code   120  n32wb03x_usart.o(i.USART_Init)
    USART_SendData                           0x01001139   Thumb Code     8  n32wb03x_usart.o(i.USART_SendData)
    __0printf$8                              0x01001141   Thumb Code    24  printf8.o(i.__0printf$8)
    __1printf$8                              0x01001141   Thumb Code     0  printf8.o(i.__0printf$8)
    __2printf                                0x01001141   Thumb Code     0  printf8.o(i.__0printf$8)
    __ARM_clz                                0x01001161   Thumb Code    46  depilogue.o(i.__ARM_clz)
    __ARM_common_switch8                     0x0100118f   Thumb Code    26  n32wb03x_gpio.o(i.__ARM_common_switch8)
    app_ble_adv_init                         0x0100161d   Thumb Code    92  app_ble.o(i.app_ble_adv_init)
    app_ble_adv_msg_handler                  0x01001691   Thumb Code     2  app_ble.o(i.app_ble_adv_msg_handler)
    app_ble_gap_params_init                  0x01001695   Thumb Code   100  app_ble.o(i.app_ble_gap_params_init)
    app_ble_init                             0x0100170d   Thumb Code    46  app_ble.o(i.app_ble_init)
    app_ble_msg_handler                      0x01001749   Thumb Code    16  app_ble.o(i.app_ble_msg_handler)
    app_ble_sec_init                         0x0100176d   Thumb Code    72  app_ble.o(i.app_ble_sec_init)
    app_dis_add_dis                          0x010018fd   Thumb Code    46  app_dis.o(i.app_dis_add_dis)
    app_dis_init                             0x01001935   Thumb Code    34  app_dis.o(i.app_dis_init)
    app_entry_point_handler                  0x01001961   Thumb Code    98  ns_ble_task.o(i.app_entry_point_handler)
    app_usart_configuration                  0x01001cad   Thumb Code    76  app_usart.o(i.app_usart_configuration)
    app_usart_dma_enable                     0x01001d01   Thumb Code    82  app_usart.o(i.app_usart_dma_enable)
    app_user_msg_handler                     0x01001d65   Thumb Code     2  app_ble.o(i.app_user_msg_handler)
    diss_check_val_len                       0x01001d67   Thumb Code    42  diss.o(i.diss_check_val_len)
    diss_compute_cfg_flag                    0x01001d93   Thumb Code    38  diss.o(i.diss_compute_cfg_flag)
    diss_handle_to_value                     0x01001de9   Thumb Code    48  diss.o(i.diss_handle_to_value)
    diss_prf_itf_get                         0x01001ea1   Thumb Code     4  diss.o(i.diss_prf_itf_get)
    diss_task_init                           0x01001f45   Thumb Code    28  diss_task.o(i.diss_task_init)
    diss_value_to_handle                     0x01002099   Thumb Code    54  diss.o(i.diss_value_to_handle)
    flash_utils_flow_off                     0x010020cf   Thumb Code     2  app_usart.o(i.flash_utils_flow_off)
    flash_utils_flow_on                      0x010020d1   Thumb Code     2  app_usart.o(i.flash_utils_flow_on)
    flash_utils_get_tx_len                   0x010020d5   Thumb Code    18  app_usart.o(i.flash_utils_get_tx_len)
    flash_utils_hci_cmd_check                0x010020ed   Thumb Code    84  app_usart.o(i.flash_utils_hci_cmd_check)
    flash_utils_hci_cmd_reset                0x01002145   Thumb Code    28  app_usart.o(i.flash_utils_hci_cmd_reset)
    flash_utils_read                         0x0100216d   Thumb Code   268  app_usart.o(i.flash_utils_read)
    flash_utils_write                        0x0100229d   Thumb Code    40  app_usart.o(i.flash_utils_write)
    fputc                                    0x010022c9   Thumb Code    54  ns_log_lpuart.o(i.fputc)
    llhwc_modem_setmode                      0x010031b9   Thumb Code    44  rwip_driver.o(i.llhwc_modem_setmode)
    llhwc_phy_prerx_flash                    0x010031e9   Thumb Code   158  rwip_driver.o(i.llhwc_phy_prerx_flash)
    main                                     0x01003371   Thumb Code    52  main.o(i.main)
    ns_EXTI4_12_IRQHandler                   0x010033c1   Thumb Code    74  ns_ble.o(i.ns_EXTI4_12_IRQHandler)
    ns_HardFault_Handler                     0x01003431   Thumb Code    84  ns_ble.o(i.ns_HardFault_Handler)
    ns_ble_add_prf_func_register             0x0100355d   Thumb Code    28  ns_ble.o(i.ns_ble_add_prf_func_register)
    ns_ble_add_svc                           0x0100357d   Thumb Code    36  ns_ble.o(i.ns_ble_add_svc)
    ns_ble_adv_fsm_next                      0x010035a5   Thumb Code    92  ns_ble.o(i.ns_ble_adv_fsm_next)
    ns_ble_adv_init                          0x01003605   Thumb Code    62  ns_ble.o(i.ns_ble_adv_init)
    ns_ble_adv_start                         0x01003649   Thumb Code    74  ns_ble.o(i.ns_ble_adv_start)
    ns_ble_adv_stop                          0x01003699   Thumb Code    34  ns_ble.o(i.ns_ble_adv_stop)
    ns_ble_create_init                       0x010036c1   Thumb Code    42  ns_ble.o(i.ns_ble_create_init)
    ns_ble_create_scan                       0x010036f1   Thumb Code    42  ns_ble.o(i.ns_ble_create_scan)
    ns_ble_delete_init                       0x01003721   Thumb Code    48  ns_ble.o(i.ns_ble_delete_init)
    ns_ble_delete_scan                       0x01003759   Thumb Code    44  ns_ble.o(i.ns_ble_delete_scan)
    ns_ble_disconnect                        0x0100378d   Thumb Code    34  ns_ble.o(i.ns_ble_disconnect)
    ns_ble_gap_init                          0x010037b9   Thumb Code    70  ns_ble.o(i.ns_ble_gap_init)
    ns_ble_get_connection_num                0x0100381d   Thumb Code    32  ns_ble.o(i.ns_ble_get_connection_num)
    ns_ble_list_set_ral                      0x01003841   Thumb Code    74  ns_ble.o(i.ns_ble_list_set_ral)
    ns_ble_lsc_config                        0x01003891   Thumb Code   108  ns_ble.o(i.ns_ble_lsc_config)
    ns_ble_prf_task_register                 0x01003911   Thumb Code    32  ns_ble.o(i.ns_ble_prf_task_register)
    ns_ble_scan_data_find                    0x01003935   Thumb Code    70  ns_ble.o(i.ns_ble_scan_data_find)
    ns_ble_stack_init                        0x0100397d   Thumb Code   232  ns_ble.o(i.ns_ble_stack_init)
    ns_ble_start_init                        0x01003b55   Thumb Code   244  ns_ble.o(i.ns_ble_start_init)
    ns_ble_start_scan                        0x01003c55   Thumb Code   164  ns_ble.o(i.ns_ble_start_scan)
    ns_ble_stop_init                         0x01003d01   Thumb Code    44  ns_ble.o(i.ns_ble_stop_init)
    ns_ble_stop_scan                         0x01003d35   Thumb Code    50  ns_ble.o(i.ns_ble_stop_scan)
    ns_ble_update_param                      0x01003d71   Thumb Code   118  ns_ble.o(i.ns_ble_update_param)
    ns_bond_last_bonded_addr                 0x01003ee1   Thumb Code    50  ns_sec.o(i.ns_bond_last_bonded_addr)
    ns_bond_last_bonded_peer_id              0x01003f13   Thumb Code    50  ns_sec.o(i.ns_bond_last_bonded_peer_id)
    ns_bond_last_bonded_ral_info             0x01003f45   Thumb Code    92  ns_sec.o(i.ns_bond_last_bonded_ral_info)
    ns_bond_resolv_addr_start                0x01003fa9   Thumb Code    94  ns_sec.o(i.ns_bond_resolv_addr_start)
    ns_bond_search_addr_irk                  0x0100400d   Thumb Code    96  ns_sec.o(i.ns_bond_search_addr_irk)
    ns_iwdg_config                           0x01004071   Thumb Code    52  ns_ble.o(i.ns_iwdg_config)
    ns_log_lpuart_init                       0x010040bd   Thumb Code    54  ns_log_lpuart.o(i.ns_log_lpuart_init)
    ns_peripheral_config                     0x010040f9   Thumb Code   128  ns_ble.o(i.ns_peripheral_config)
    ns_sec_bond_store_evt_handler            0x010041b1   Thumb Code   198  ns_sec.o(i.ns_sec_bond_store_evt_handler)
    ns_sec_get_bond_status                   0x010042a1   Thumb Code    12  ns_sec.o(i.ns_sec_get_bond_status)
    ns_sec_get_iocap                         0x010042b1   Thumb Code     6  ns_sec.o(i.ns_sec_get_iocap)
    ns_sec_init                              0x010042bd   Thumb Code    76  ns_sec.o(i.ns_sec_init)
    ns_sleep_lock_acquire                    0x0100430d   Thumb Code    20  ns_sleep.o(i.ns_sleep_lock_acquire)
    ns_sleep_lock_release                    0x01004325   Thumb Code    16  ns_sleep.o(i.ns_sleep_lock_release)
    prf_add_profile                          0x01004379   Thumb Code   130  prf.o(i.prf_add_profile)
    prf_dst_task_get                         0x01004401   Thumb Code    16  prf.o(i.prf_dst_task_get)
    prf_env_get                              0x01004411   Thumb Code    42  prf.o(i.prf_env_get)
    prf_get_id_from_task                     0x01004441   Thumb Code    48  prf.o(i.prf_get_id_from_task)
    prf_get_itf_func_register                0x01004475   Thumb Code    32  prf.o(i.prf_get_itf_func_register)
    prf_get_task_from_id                     0x01004499   Thumb Code    48  prf.o(i.prf_get_task_from_id)
    prf_init                                 0x010044cd   Thumb Code   120  prf.o(i.prf_init)
    radio_freq_cal_from_trim                 0x01004575   Thumb Code    30  rwip_driver.o(i.radio_freq_cal_from_trim)
    rwip_eif_get_flash                       0x010045a5   Thumb Code     4  app_usart.o(i.rwip_eif_get_flash)
    rwip_init                                0x010045ad   Thumb Code   200  rwip.o(i.rwip_init)
    rwip_slp_isr                             0x0100470d   Thumb Code    56  rwip_driver.o(i.rwip_slp_isr)
    usart_tx_data_blocking                   0x010047cd   Thumb Code    44  app_usart.o(i.usart_tx_data_blocking)
    TRIM_READ_CMD_CODE                       0x010047fc   Data         320  system_n32wb03x.o(.constdata)
    CMD_RDID                                 0x0100493c   Data         152  system_n32wb03x.o(.constdata)
    const_qflash_cmd                         0x010049e0   Data         804  n32wb03x_qflash.o(.constdata)
    diss_att_db                              0x01004d24   Data         152  diss.o(.constdata)
    diss_itf                                 0x01004dbc   Data          16  diss.o(.constdata)
    app_sec_msg_handler_list                 0x01004de4   Data          40  ns_sec.o(.constdata)
    app_sec_handlers                         0x01004e0c   Data           8  ns_sec.o(.constdata)
    TASK_DESC_APP_M                          0x010052f4   Data          12  ns_ble_task.o(.constdata)
    app_dis_msg_handler_list                 0x01005300   Data           8  app_dis.o(.constdata)
    app_dis_handlers                         0x01005308   Data           8  app_dis.o(.constdata)
    flash_utils_api                          0x01005310   Data          16  app_usart.o(.constdata)
    Region$$Table$$Base                      0x01005334   Number         0  anon$$obj.o(Region$$Table)
    Region$$Table$$Limit                     0x01005354   Number         0  anon$$obj.o(Region$$Table)
    rwip_rst_state                           0x20000000   Data           0  symbol_g15.obj ABSOLUTE
    ecc_env                                  0x20000004   Data           0  symbol_g15.obj ABSOLUTE
    aa_gen                                   0x20000010   Data           0  symbol_g15.obj ABSOLUTE
    lld_exp_sync_pos_tab                     0x20000018   Data           0  symbol_g15.obj ABSOLUTE
    sch_slice_params                         0x2000004c   Data           0  symbol_g15.obj ABSOLUTE
    hci_ext_host                             0x20000054   Data           0  symbol_g15.obj ABSOLUTE
    g_modem_flag                             0x20000060   Data           0  symbol_g15.obj ABSOLUTE
    g_clock_src                              0x20000061   Data           0  symbol_g15.obj ABSOLUTE
    g_hci_transport_onff                     0x20000062   Data           0  symbol_g15.obj ABSOLUTE
    g_delay_div_param                        0x20000063   Data           0  symbol_g15.obj ABSOLUTE
    g_delay_us_div_param                     0x20000064   Data           0  symbol_g15.obj ABSOLUTE
    g_loop_test                              0x20000065   Data           0  symbol_g15.obj ABSOLUTE
    g_ota_test                               0x20000066   Data           0  symbol_g15.obj ABSOLUTE
    g_ota_test_mtu_247_dle                   0x20000067   Data           0  symbol_g15.obj ABSOLUTE
    g_cal_hsi_cnt_value                      0x20000068   Data           0  symbol_g15.obj ABSOLUTE
    g_system_hsi_clk                         0x2000006c   Data           0  symbol_g15.obj ABSOLUTE
    g_user_set_stack_start                   0x20000070   Data           0  symbol_g15.obj ABSOLUTE
    g_rwip_patch_addr                        0x20000074   Data           0  symbol_g15.obj ABSOLUTE
    g_phy_2mbps_support                      0x20000078   Data           0  symbol_g15.obj ABSOLUTE
    g_auto_start_data_length_req             0x20000079   Data           0  symbol_g15.obj ABSOLUTE
    g_sleep_sleep_enable                     0x2000007a   Data           0  symbol_g15.obj ABSOLUTE
    g_status_io_stat                         0x2000007b   Data           0  symbol_g15.obj ABSOLUTE
    g_timeoutcnt                             0x2000007c   Data           0  symbol_g15.obj ABSOLUTE
    g_sleep_status_flag                      0x20000080   Data           0  symbol_g15.obj ABSOLUTE
    g_lsi_count_n_syscle                     0x20000084   Data           0  symbol_g15.obj ABSOLUTE
    g_lsi_accuracy                           0x20000088   Data           0  symbol_g15.obj ABSOLUTE
    g_lsi_1_syscle_cal_value                 0x2000008c   Data           0  symbol_g15.obj ABSOLUTE
    g_lsi_1_syscle_cnt_value                 0x20000090   Data           0  symbol_g15.obj ABSOLUTE
    g_recalib_hsi_flag                       0x20000094   Data           0  symbol_g15.obj ABSOLUTE
    g_hsi_accuracy                           0x20000098   Data           0  symbol_g15.obj ABSOLUTE
    g_hci_transport_type                     0x2000009c   Data           0  symbol_g15.obj ABSOLUTE
    g_hci_transport_process                  0x2000009d   Data           0  symbol_g15.obj ABSOLUTE
    acl_flow_ctrl_num                        0x2000009e   Data           0  symbol_g15.obj ABSOLUTE
    acl_flow_ctrl                            0x2000009f   Data           0  symbol_g15.obj ABSOLUTE
    g_acl_tx_sch_interval                    0x200000a0   Data           0  symbol_g15.obj ABSOLUTE
    dma_recv_data_time_window_size           0x200000a4   Data           0  symbol_g15.obj ABSOLUTE
    g_length_2_data_intv                     0x200000a8   Data           0  symbol_g15.obj ABSOLUTE
    g_soft_flow_tx_dummy                     0x200000ac   Data           0  symbol_g15.obj ABSOLUTE
    g_soft_flow_rx_len                       0x200000b0   Data           0  symbol_g15.obj ABSOLUTE
    g_hci_ch_type                            0x200000b2   Data           0  symbol_g15.obj ABSOLUTE
    g_uart_bps                               0x200000b4   Data           0  symbol_g15.obj ABSOLUTE
    g_uart_irq_wakeup_time                   0x200000b8   Data           0  symbol_g15.obj ABSOLUTE
    g_spi_data_ready_2_irq_rise              0x200000bc   Data           0  symbol_g15.obj ABSOLUTE
    g_lpclk_drift                            0x200000c0   Data           0  symbol_g15.obj ABSOLUTE
    g_rc32k_trim                             0x200000c4   Data           0  symbol_g15.obj ABSOLUTE
    g_sch_prog_fifo_iar_branch               0x200000c6   Data           0  symbol_g15.obj ABSOLUTE
    g_sch_arb_insert_branch                  0x200000c7   Data           0  symbol_g15.obj ABSOLUTE
    g_le_coded_phy_500                       0x200000c8   Data           0  symbol_g15.obj ABSOLUTE
    g_app_init_branch                        0x200000c9   Data           0  symbol_g15.obj ABSOLUTE
    g_adv_intv                               0x200000ca   Data           0  symbol_g15.obj ABSOLUTE
    g_twrm                                   0x200000d2   Data           0  symbol_g15.obj ABSOLUTE
    g_twosc                                  0x200000d4   Data           0  symbol_g15.obj ABSOLUTE
    g_twext                                  0x200000d6   Data           0  symbol_g15.obj ABSOLUTE
    rwip_prog_delay                          0x200000d8   Data           0  symbol_g15.obj ABSOLUTE
    g_ramcode_work_flag                      0x200000d9   Data           0  symbol_g15.obj ABSOLUTE
    prf_add_profile_ptr                      0x200000dc   Data           0  symbol_g15.obj ABSOLUTE
    prf_get_task_from_id_ptr                 0x200000e0   Data           0  symbol_g15.obj ABSOLUTE
    prf_get_id_from_task_ptr                 0x200000e4   Data           0  symbol_g15.obj ABSOLUTE
    g_co_default_bdaddr                      0x200000fc   Data           0  symbol_g15.obj ABSOLUTE
    BLE_NORMAL_WIN_SIZE                      0x20000102   Data           0  symbol_g15.obj ABSOLUTE
    BLE_RX_DESC_NB                           0x20000103   Data           0  symbol_g15.obj ABSOLUTE
    RWIP_MINIMUM_SLEEP_TIME                  0x20000104   Data           0  symbol_g15.obj ABSOLUTE
    SCH_SCAN_EVT_DUR_DFT                     0x20000106   Data           0  symbol_g15.obj ABSOLUTE
    llm_local_le_feats                       0x20000108   Data           0  symbol_g15.obj ABSOLUTE
    g_attr_table                             0x20000110   Data           0  symbol_g15.obj ABSOLUTE
    ATTR_TABLE_LENGTH                        0x20000114   Data           0  symbol_g15.obj ABSOLUTE
    g_rwip_heap_env                          0x20000118   Data           0  symbol_g15.obj ABSOLUTE
    g_rwip_heap_env_size                     0x2000011c   Data           0  symbol_g15.obj ABSOLUTE
    g_rwip_heap_db                           0x20000120   Data           0  symbol_g15.obj ABSOLUTE
    g_rwip_heap_db_size                      0x20000124   Data           0  symbol_g15.obj ABSOLUTE
    g_rwip_heap_non_ret                      0x20000128   Data           0  symbol_g15.obj ABSOLUTE
    g_rwip_heap_non_ret_size                 0x2000012c   Data           0  symbol_g15.obj ABSOLUTE
    g_rwip_heap_msg                          0x20000130   Data           0  symbol_g15.obj ABSOLUTE
    g_rwip_heap_msg_size                     0x20000134   Data           0  symbol_g15.obj ABSOLUTE
    utils_recv_buf_ptr                       0x20000138   Data           0  symbol_g15.obj ABSOLUTE
    utils_max_buf_len                        0x2000013c   Data           0  symbol_g15.obj ABSOLUTE
    g_soft_flow_tx_buf                       0x20000140   Data           0  symbol_g15.obj ABSOLUTE
    g_soft_flow_tx_len                       0x20000144   Data           0  symbol_g15.obj ABSOLUTE
    g_app_tx_buf_ptr                         0x20000148   Data           0  symbol_g15.obj ABSOLUTE
    g_app_tx_buf_len                         0x2000014c   Data           0  symbol_g15.obj ABSOLUTE
    g_app_bone_table_ptr                     0x20000150   Data           0  symbol_g15.obj ABSOLUTE
    g_app_bone_table_size                    0x20000154   Data           0  symbol_g15.obj ABSOLUTE
    g_soft_flow_tx_callback                  0x2000015c   Data           0  symbol_g15.obj ABSOLUTE
    utils_recv_len                           0x20000160   Data           0  symbol_g15.obj ABSOLUTE
    g_recv_len                               0x20000162   Data           0  symbol_g15.obj ABSOLUTE
    s_dma_spis_set_rx_len                    0x2000018c   Data           0  symbol_g15.obj ABSOLUTE
    s_dma_spis_set_tx_len                    0x2000018e   Data           0  symbol_g15.obj ABSOLUTE
    s_dma_lpuart_set_len                     0x20000190   Data           0  symbol_g15.obj ABSOLUTE
    TASK_DESC_APP_SEC                        0x20000194   Data           0  symbol_g15.obj ABSOLUTE
    g_version                                0x200001a1   Data           0  symbol_g15.obj ABSOLUTE
    ota_test_mode                            0x200001a8   Data           0  symbol_g15.obj ABSOLUTE
    ota_send_num_idx                         0x200001ac   Data           0  symbol_g15.obj ABSOLUTE
    gattc_state                              0x200001b0   Data           0  symbol_g15.obj ABSOLUTE
    gattm_state                              0x200001b4   Data           0  symbol_g15.obj ABSOLUTE
    gapc_state                               0x200001b5   Data           0  symbol_g15.obj ABSOLUTE
    gapm_state                               0x200001b9   Data           0  symbol_g15.obj ABSOLUTE
    l2cc_state                               0x200001ba   Data           0  symbol_g15.obj ABSOLUTE
    ahi_state                                0x200001be   Data           0  symbol_g15.obj ABSOLUTE
    __stdout                                 0x200001c4   Data           0  symbol_g15.obj ABSOLUTE
    ke_env                                   0x200001c8   Data           0  symbol_g15.obj ABSOLUTE
    rwip_rf                                  0x20000274   Data           0  symbol_g15.obj ABSOLUTE
    rwip_env                                 0x200002a8   Data           0  symbol_g15.obj ABSOLUTE
    aes_env                                  0x200002c8   Data           0  symbol_g15.obj ABSOLUTE
    llc_env                                  0x200002fc   Data           0  symbol_g15.obj ABSOLUTE
    lld_env                                  0x2000030c   Data           0  symbol_g15.obj ABSOLUTE
    lld_sync_env                             0x20000430   Data           0  symbol_g15.obj ABSOLUTE
    llm_env                                  0x20000440   Data           0  symbol_g15.obj ABSOLUTE
    hci_env                                  0x20000978   Data           0  symbol_g15.obj ABSOLUTE
    hci_tl_acl_env                           0x200009b4   Data           0  symbol_g15.obj ABSOLUTE
    utils_env                                0x20000a3c   Data           0  symbol_g15.obj ABSOLUTE
    user_prf_env                             0x20000b30   Data           0  symbol_g15.obj ABSOLUTE
    gattc_env                                0x20000b58   Data           0  symbol_g15.obj ABSOLUTE
    gattm_env                                0x20000b68   Data           0  symbol_g15.obj ABSOLUTE
    gapc_env                                 0x20000ba0   Data           0  symbol_g15.obj ABSOLUTE
    gapm_env                                 0x20000bb0   Data           0  symbol_g15.obj ABSOLUTE
    l2cc_env                                 0x20000c00   Data           0  symbol_g15.obj ABSOLUTE
    l2cm_env                                 0x20000c10   Data           0  symbol_g15.obj ABSOLUTE
    ahi_env                                  0x20000ce4   Data           0  symbol_g15.obj ABSOLUTE
    CMD_FLASH_SE                             0x20004000   Data           4  n32wb03x_qflash.o(.data)
    CMD_FLASH_WRITE                          0x20004004   Data           4  n32wb03x_qflash.o(.data)
    CMD_FLASH_READ                           0x20004008   Data           4  n32wb03x_qflash.o(.data)
    g_rf_tx_power                            0x2000400c   Data           1  rwip_driver.o(.data)
    ns_sleep_lock                            0x20004024   Data           4  ns_sleep.o(.data)
    p_prevent_sleep                          0x20004028   Data           4  ns_sleep.o(.data)
    user_HardFault_Handler                   0x20004040   Data           4  ns_ble.o(.data)
    user_EXTI4_12_IRQHandler                 0x20004044   Data           4  ns_ble.o(.data)
    app_state                                0x20004736   Data           1  ns_ble_task.o(.data)
    usart_sending                            0x20004738   Data           1  app_usart.o(.data)
    rx_old_pos                               0x2000473a   Data           2  app_usart.o(.data)
    flash_g_recv_len                         0x2000473c   Data           2  app_usart.o(.data)
    usart_rx_fifo_in                         0x20004740   Data           4  app_usart.o(.data)
    usart_rx_fifo_out                        0x20004744   Data           4  app_usart.o(.data)
    usart_tx_fifo_in                         0x20004748   Data           4  app_usart.o(.data)
    usart_tx_fifo_out                        0x2000474c   Data           4  app_usart.o(.data)
    trim_stored                              0x20004754   Data          52  system_n32wb03x.o(.bss)
    prf_env                                  0x20004ab0   Data         200  prf.o(.bss)
    get_itf                                  0x20004b78   Data          84  prf.o(.bss)
    app_sec_bond_data                        0x20004bcc   Data          58  ns_sec.o(.bss)
    app_sec_env                              0x20004c08   Data          32  ns_sec.o(.bss)
    add_prf_evn                              0x20004c28   Data          44  ns_ble.o(.bss)
    ble_prf_evn                              0x20004c54   Data          84  ns_ble.o(.bss)
    app_env                                  0x20004ca8   Data         132  ns_ble.o(.bss)
    gap_env                                  0x20004d2c   Data          42  ns_ble.o(.bss)
    adv_env                                  0x20004d58   Data          96  ns_ble.o(.bss)
    scan_env                                 0x20004db8   Data          32  ns_ble.o(.bss)
    USART_rx_dma_buf                         0x20004dd8   Data         256  app_usart.o(.bss)
    flash_utils_env                          0x20004ed8   Data          20  app_usart.o(.bss)
    __initial_sp                             0x200056f0   Data           0  startup_n32wb03x.o(STACK)



==============================================================================

Memory Map of the image

  Image Entry point : 0x010000c1

  Load Region LR_IROM1 (Base: 0x01000000, Size: 0x00005aa8, Max: 0x00040000, ABSOLUTE, COMPRESSED[0x0000594c])

    Execution Region ER_IROM1 (Exec base: 0x01000000, Load base: 0x01000000, Size: 0x00005354, Max: 0x00040000, ABSOLUTE)

    Exec Addr    Load Addr    Size         Type   Attr      Idx    E Section Name        Object

    0x01000000   0x01000000   0x000000c0   Data   RO            3    RESET               startup_n32wb03x.o
    0x010000c0   0x010000c0   0x00000000   Code   RO         3909  * .ARM.Collect$$$$00000000  mc_p.l(entry.o)
    0x010000c0   0x010000c0   0x00000004   Code   RO         4218    .ARM.Collect$$$$00000001  mc_p.l(entry2.o)
    0x010000c4   0x010000c4   0x00000004   Code   RO         4221    .ARM.Collect$$$$00000004  mc_p.l(entry5.o)
    0x010000c8   0x010000c8   0x00000000   Code   RO         4223    .ARM.Collect$$$$00000008  mc_p.l(entry7b.o)
    0x010000c8   0x010000c8   0x00000000   Code   RO         4225    .ARM.Collect$$$$0000000A  mc_p.l(entry8b.o)
    0x010000c8   0x010000c8   0x00000008   Code   RO         4226    .ARM.Collect$$$$0000000B  mc_p.l(entry9a.o)
    0x010000d0   0x010000d0   0x00000004   Code   RO         4233    .ARM.Collect$$$$0000000E  mc_p.l(entry12b.o)
    0x010000d4   0x010000d4   0x00000000   Code   RO         4228    .ARM.Collect$$$$0000000F  mc_p.l(entry10a.o)
    0x010000d4   0x010000d4   0x00000000   Code   RO         4230    .ARM.Collect$$$$00000011  mc_p.l(entry11a.o)
    0x010000d4   0x010000d4   0x00000004   Code   RO         4219    .ARM.Collect$$$$00002712  mc_p.l(entry2.o)
    0x010000d8   0x010000d8   0x0000000e   Code   RO           10    .emb_text           system_n32wb03x.o
    0x010000e6   0x010000e6   0x00000002   PAD
    0x010000e8   0x010000e8   0x0000001c   Code   RO            4    .text               startup_n32wb03x.o
    0x01000104   0x01000104   0x0000002c   Code   RO         3912    .text               mc_p.l(uidiv.o)
    0x01000130   0x01000130   0x00000060   Code   RO         3916    .text               mc_p.l(uldiv.o)
    0x01000190   0x01000190   0x00000024   Code   RO         3918    .text               mc_p.l(rand.o)
    0x010001b4   0x010001b4   0x00000024   Code   RO         3921    .text               mc_p.l(memcpya.o)
    0x010001d8   0x010001d8   0x00000024   Code   RO         3923    .text               mc_p.l(memseta.o)
    0x010001fc   0x010001fc   0x0000001a   Code   RO         3925    .text               mc_p.l(memcmp.o)
    0x01000216   0x01000216   0x00000002   PAD
    0x01000218   0x01000218   0x000000d0   Code   RO         4198    .text               mf_p.l(dmul.o)
    0x010002e8   0x010002e8   0x000000f0   Code   RO         4200    .text               mf_p.l(ddiv.o)
    0x010003d8   0x010003d8   0x0000001c   Code   RO         4206    .text               mf_p.l(dfltui.o)
    0x010003f4   0x010003f4   0x0000001c   Code   RO         4208    .text               mf_p.l(dfltul.o)
    0x01000410   0x01000410   0x00000040   Code   RO         4212    .text               mf_p.l(dfixul.o)
    0x01000450   0x01000450   0x00000020   Code   RO         4234    .text               mc_p.l(llshl.o)
    0x01000470   0x01000470   0x00000022   Code   RO         4236    .text               mc_p.l(llushr.o)
    0x01000492   0x01000492   0x00000000   Code   RO         4240    .text               mc_p.l(iusefp.o)
    0x01000492   0x01000492   0x000000be   Code   RO         4243    .text               mf_p.l(depilogue.o)
    0x01000550   0x01000550   0x00000024   Code   RO         4249    .text               mc_p.l(init.o)
    0x01000574   0x01000574   0x00000060   Code   RO         4253    .text               mc_p.l(__dclz77c.o)
    0x010005d4   0x010005d4   0x0000000c   Ven    RO         4255    Veneer$$Code        anon$$obj.o
    0x010005e0   0x010005e0   0x0000000c   Ven    RO         4256    Veneer$$Code        anon$$obj.o
    0x010005ec   0x010005ec   0x0000000c   Ven    RO         4257    Veneer$$Code        anon$$obj.o
    0x010005f8   0x010005f8   0x00000050   Code   RO         3748    i.DMA_Channel1_2_3_4_IRQHandler  app_usart.o
    0x01000648   0x01000648   0x00000004   Code   RO          492    i.DMA_ClearFlag     n32wb03x_dma.o
    0x0100064c   0x0100064c   0x00000010   Code   RO          494    i.DMA_ConfigInt     n32wb03x_dma.o
    0x0100065c   0x0100065c   0x00000084   Code   RO         3749    i.DMA_Configuration  app_usart.o
    0x010006e0   0x010006e0   0x0000006c   Code   RO          495    i.DMA_DeInit        n32wb03x_dma.o
    0x0100074c   0x0100074c   0x00000018   Code   RO          496    i.DMA_EnableChannel  n32wb03x_dma.o
    0x01000764   0x01000764   0x00000006   Code   RO          497    i.DMA_GetCurrDataCounter  n32wb03x_dma.o
    0x0100076a   0x0100076a   0x0000000e   Code   RO          498    i.DMA_GetFlagStatus  n32wb03x_dma.o
    0x01000778   0x01000778   0x0000003c   Code   RO          500    i.DMA_Init          n32wb03x_dma.o
    0x010007b4   0x010007b4   0x0000000c   Code   RO          501    i.DMA_RequestRemap  n32wb03x_dma.o
    0x010007c0   0x010007c0   0x0000000c   Code   RO          574    i.EXTI_ClrITPendBit  n32wb03x_exti.o
    0x010007cc   0x010007cc   0x0000001c   Code   RO          577    i.EXTI_GetITStatus  n32wb03x_exti.o
    0x010007e8   0x010007e8   0x0000006c   Code   RO          579    i.EXTI_InitPeripheral  n32wb03x_exti.o
    0x01000854   0x01000854   0x0000002c   Code   RO         2674    i.GPIO_Configuration  ns_log_lpuart.o
    0x01000880   0x01000880   0x00000038   Code   RO         3750    i.GPIO_Configuration_USART  app_usart.o
    0x010008b8   0x010008b8   0x000000b0   Code   RO          639    i.GPIO_InitPeripheral  n32wb03x_gpio.o
    0x01000968   0x01000968   0x0000001c   Code   RO          640    i.GPIO_InitStruct   n32wb03x_gpio.o
    0x01000984   0x01000984   0x00000004   Code   RO         1695    i.LPUART_ClrFlag    n32wb03x_lpuart.o
    0x01000988   0x01000988   0x00000010   Code   RO         1698    i.LPUART_ConfigSamplingMethod  n32wb03x_lpuart.o
    0x01000998   0x01000998   0x00000020   Code   RO         1701    i.LPUART_DeInit     n32wb03x_lpuart.o
    0x010009b8   0x010009b8   0x0000000e   Code   RO         1706    i.LPUART_GetFlagStatus  n32wb03x_lpuart.o
    0x010009c6   0x010009c6   0x00000002   PAD
    0x010009c8   0x010009c8   0x000000c0   Code   RO         1708    i.LPUART_Init       n32wb03x_lpuart.o
    0x01000a88   0x01000a88   0x00000004   Code   RO         1710    i.LPUART_SendData   n32wb03x_lpuart.o
    0x01000a8c   0x01000a8c   0x00000094   Code   RO         3035    i.NS_BLE_STACK_INIT  ns_ble.o
    0x01000b20   0x01000b20   0x00000038   Code   RO         3751    i.NVIC_Configuration  app_usart.o
    0x01000b58   0x01000b58   0x00000074   Code   RO          164    i.NVIC_Init         misc.o
    0x01000bcc   0x01000bcc   0x00000044   Code   RO         3036    i.NVIC_SetPriority  ns_ble.o
    0x01000c10   0x01000c10   0x00000018   Code   RO         3037    i.NVIC_SystemReset  ns_ble.o
    0x01000c28   0x01000c28   0x000000c8   Code   RO           11    i.OTPTrim_Read      system_n32wb03x.o
    0x01000cf0   0x01000cf0   0x00000024   Code   RO         1806    i.Qflash_Erase_Sector  n32wb03x_qflash.o
    0x01000d14   0x01000d14   0x00000030   Code   RO         1807    i.Qflash_Init       n32wb03x_qflash.o
    0x01000d44   0x01000d44   0x00000024   Code   RO         1809    i.Qflash_Write      n32wb03x_qflash.o
    0x01000d68   0x01000d68   0x0000001c   Code   RO          761    i.RCC_ConfigLpuartClk  n32wb03x_rcc.o
    0x01000d84   0x01000d84   0x0000001e   Code   RO         2675    i.RCC_Configuration  ns_log_lpuart.o
    0x01000da2   0x01000da2   0x0000001c   Code   RO         3752    i.RCC_Configuration_USART  app_usart.o
    0x01000dbe   0x01000dbe   0x00000002   PAD
    0x01000dc0   0x01000dc0   0x00000018   Code   RO          769    i.RCC_EnableAHBPeriphClk  n32wb03x_rcc.o
    0x01000dd8   0x01000dd8   0x00000018   Code   RO          773    i.RCC_EnableAPB2PeriphClk  n32wb03x_rcc.o
    0x01000df0   0x01000df0   0x00000018   Code   RO          776    i.RCC_EnableLpuartClk  n32wb03x_rcc.o
    0x01000e08   0x01000e08   0x00000070   Code   RO          781    i.RCC_GetClocksFreqValue  n32wb03x_rcc.o
    0x01000e78   0x01000e78   0x00000014   Code   RO          784    i.RCC_GetLpuartClkSrc  n32wb03x_rcc.o
    0x01000e8c   0x01000e8c   0x000000d4   Code   RO           12    i.RCC_HsiCalib      system_n32wb03x.o
    0x01000f60   0x01000f60   0x00000030   Code   RO           14    i.SystemGetMacAddr  system_n32wb03x.o
    0x01000f90   0x01000f90   0x000000d4   Code   RO           16    i.SystemInit        system_n32wb03x.o
    0x01001064   0x01001064   0x00000010   Code   RO           18    i.SystemTrimValueRead  system_n32wb03x.o
    0x01001074   0x01001074   0x0000001c   Code   RO         1532    i.USART_Enable      n32wb03x_usart.o
    0x01001090   0x01001090   0x00000010   Code   RO         1533    i.USART_EnableDMA   n32wb03x_usart.o
    0x010010a0   0x010010a0   0x0000000e   Code   RO         1539    i.USART_GetFlagStatus  n32wb03x_usart.o
    0x010010ae   0x010010ae   0x00000002   PAD
    0x010010b0   0x010010b0   0x00000088   Code   RO         1541    i.USART_Init        n32wb03x_usart.o
    0x01001138   0x01001138   0x00000008   Code   RO         1544    i.USART_SendData    n32wb03x_usart.o
    0x01001140   0x01001140   0x00000020   Code   RO         4136    i.__0printf$8       mc_p.l(printf8.o)
    0x01001160   0x01001160   0x0000002e   Code   RO         4245    i.__ARM_clz         mf_p.l(depilogue.o)
    0x0100118e   0x0100118e   0x0000001a   Code   RO          746    i.__ARM_common_switch8  n32wb03x_gpio.o
    0x010011a8   0x010011a8   0x00000428   Code   RO         4143    i._printf_core      mc_p.l(printf8.o)
    0x010015d0   0x010015d0   0x00000020   Code   RO         4144    i._printf_post_padding  mc_p.l(printf8.o)
    0x010015f0   0x010015f0   0x0000002c   Code   RO         4145    i._printf_pre_padding  mc_p.l(printf8.o)
    0x0100161c   0x0100161c   0x00000074   Code   RO         3670    i.app_ble_adv_init  app_ble.o
    0x01001690   0x01001690   0x00000002   Code   RO         3671    i.app_ble_adv_msg_handler  app_ble.o
    0x01001692   0x01001692   0x00000002   PAD
    0x01001694   0x01001694   0x00000078   Code   RO         3674    i.app_ble_gap_params_init  app_ble.o
    0x0100170c   0x0100170c   0x0000003c   Code   RO         3675    i.app_ble_init      app_ble.o
    0x01001748   0x01001748   0x00000024   Code   RO         3676    i.app_ble_msg_handler  app_ble.o
    0x0100176c   0x0100176c   0x00000050   Code   RO         3678    i.app_ble_sec_init  app_ble.o
    0x010017bc   0x010017bc   0x00000010   Code   RO         3466    i.app_conn_params_update_evt_handler  ns_ble_task.o
    0x010017cc   0x010017cc   0x000000c8   Code   RO         3038    i.app_create_advertising  ns_ble.o
    0x01001894   0x01001894   0x00000068   Code   RO         3039    i.app_delete_activity  ns_ble.o
    0x010018fc   0x010018fc   0x00000038   Code   RO         3625    i.app_dis_add_dis   app_dis.o
    0x01001934   0x01001934   0x0000002c   Code   RO         3626    i.app_dis_init      app_dis.o
    0x01001960   0x01001960   0x00000074   Code   RO         3467    i.app_entry_point_handler  ns_ble_task.o
    0x010019d4   0x010019d4   0x00000048   Code   RO         3468    i.app_get_handler   ns_ble_task.o
    0x01001a1c   0x01001a1c   0x0000001c   Code   RO         3469    i.app_init_timeout_evt_handler  ns_ble_task.o
    0x01001a38   0x01001a38   0x000000ac   Code   RO         3470    i.app_lsi_calib_evt_handler  ns_ble_task.o
    0x01001ae4   0x01001ae4   0x00000004   Code   RO         2786    i.app_sec_msg_dflt_handler  ns_sec.o
    0x01001ae8   0x01001ae8   0x00000074   Code   RO         3040    i.app_set_adv_data  ns_ble.o
    0x01001b5c   0x01001b5c   0x000000bc   Code   RO         3041    i.app_set_scan_rsp_data  ns_ble.o
    0x01001c18   0x01001c18   0x00000064   Code   RO         3042    i.app_start_advertising  ns_ble.o
    0x01001c7c   0x01001c7c   0x00000030   Code   RO         3043    i.app_stop_advertising  ns_ble.o
    0x01001cac   0x01001cac   0x00000054   Code   RO         3753    i.app_usart_configuration  app_usart.o
    0x01001d00   0x01001d00   0x00000064   Code   RO         3754    i.app_usart_dma_enable  app_usart.o
    0x01001d64   0x01001d64   0x00000002   Code   RO         3679    i.app_user_msg_handler  app_ble.o
    0x01001d66   0x01001d66   0x0000002a   Code   RO         2505    i.diss_check_val_len  diss.o
    0x01001d90   0x01001d90   0x00000002   Code   RO         2506    i.diss_cleanup      diss.o
    0x01001d92   0x01001d92   0x00000026   Code   RO         2507    i.diss_compute_cfg_flag  diss.o
    0x01001db8   0x01001db8   0x00000002   Code   RO         2508    i.diss_create       diss.o
    0x01001dba   0x01001dba   0x0000002e   Code   RO         2509    i.diss_destroy      diss.o
    0x01001de8   0x01001de8   0x00000030   Code   RO         2510    i.diss_handle_to_value  diss.o
    0x01001e18   0x01001e18   0x00000088   Code   RO         2511    i.diss_init         diss.o
    0x01001ea0   0x01001ea0   0x00000008   Code   RO         2512    i.diss_prf_itf_get  diss.o
    0x01001ea8   0x01001ea8   0x0000009c   Code   RO         2604    i.diss_set_value_req_handler  diss_task.o
    0x01001f44   0x01001f44   0x00000020   Code   RO         2605    i.diss_task_init    diss_task.o
    0x01001f64   0x01001f64   0x0000007c   Code   RO         2606    i.diss_value_cfm_handler  diss_task.o
    0x01001fe0   0x01001fe0   0x000000b8   Code   RO         3627    i.diss_value_req_ind_handler  app_dis.o
    0x01002098   0x01002098   0x00000036   Code   RO         2513    i.diss_value_to_handle  diss.o
    0x010020ce   0x010020ce   0x00000002   Code   RO         3755    i.flash_utils_flow_off  app_usart.o
    0x010020d0   0x010020d0   0x00000002   Code   RO         3756    i.flash_utils_flow_on  app_usart.o
    0x010020d2   0x010020d2   0x00000002   PAD
    0x010020d4   0x010020d4   0x00000018   Code   RO         3757    i.flash_utils_get_tx_len  app_usart.o
    0x010020ec   0x010020ec   0x00000058   Code   RO         3758    i.flash_utils_hci_cmd_check  app_usart.o
    0x01002144   0x01002144   0x00000028   Code   RO         3759    i.flash_utils_hci_cmd_reset  app_usart.o
    0x0100216c   0x0100216c   0x00000130   Code   RO         3760    i.flash_utils_read  app_usart.o
    0x0100229c   0x0100229c   0x0000002c   Code   RO         3761    i.flash_utils_write  app_usart.o
    0x010022c8   0x010022c8   0x00000040   Code   RO         2676    i.fputc             ns_log_lpuart.o
    0x01002308   0x01002308   0x000000d4   Code   RO         2787    i.gapc_bond_ind_handler  ns_sec.o
    0x010023dc   0x010023dc   0x000001ec   Code   RO         2788    i.gapc_bond_req_ind_handler  ns_sec.o
    0x010025c8   0x010025c8   0x00000024   Code   RO         3471    i.gapc_cmp_evt_handler  ns_ble_task.o
    0x010025ec   0x010025ec   0x00000064   Code   RO         3472    i.gapc_conn_rssi_ind_handler  ns_ble_task.o
    0x01002650   0x01002650   0x00000170   Code   RO         3473    i.gapc_connection_req_ind_handler  ns_ble_task.o
    0x010027c0   0x010027c0   0x00000094   Code   RO         3474    i.gapc_disconnect_ind_handler  ns_ble_task.o
    0x01002854   0x01002854   0x00000024   Code   RO         2789    i.gapc_encrypt_ind_handler  ns_sec.o
    0x01002878   0x01002878   0x00000134   Code   RO         2790    i.gapc_encrypt_req_ind_handler  ns_sec.o
    0x010029ac   0x010029ac   0x0000007c   Code   RO         3475    i.gapc_get_dev_info_req_ind_handler  ns_ble_task.o
    0x01002a28   0x01002a28   0x00000030   Code   RO         3476    i.gapc_le_phy_ind_handler  ns_ble_task.o
    0x01002a58   0x01002a58   0x0000001c   Code   RO         3477    i.gapc_le_pkt_size_ind_handler  ns_ble_task.o
    0x01002a74   0x01002a74   0x00000060   Code   RO         3478    i.gapc_param_update_req_ind_handler  ns_ble_task.o
    0x01002ad4   0x01002ad4   0x00000024   Code   RO         3479    i.gapc_param_updated_ind_handler  ns_ble_task.o
    0x01002af8   0x01002af8   0x00000040   Code   RO         3480    i.gapc_set_dev_info_req_ind_handler  ns_ble_task.o
    0x01002b38   0x01002b38   0x00000034   Code   RO         3481    i.gapm_activity_created_ind_handler  ns_ble_task.o
    0x01002b6c   0x01002b6c   0x0000005c   Code   RO         3482    i.gapm_activity_stopped_ind_handler  ns_ble_task.o
    0x01002bc8   0x01002bc8   0x00000028   Code   RO         3483    i.gapm_addr_solved_ind_handler  ns_ble_task.o
    0x01002bf0   0x01002bf0   0x000003dc   Code   RO         3484    i.gapm_cmp_evt_handler  ns_ble_task.o
    0x01002fcc   0x01002fcc   0x00000090   Code   RO         3485    i.gapm_ext_adv_repoer_ind_handler  ns_ble_task.o
    0x0100305c   0x0100305c   0x00000014   Code   RO         3486    i.gapm_gen_rand_nb_ind_handler  ns_ble_task.o
    0x01003070   0x01003070   0x0000000c   Code   RO         3487    i.gapm_profile_added_ind_handler  ns_ble_task.o
    0x0100307c   0x0100307c   0x0000000c   Code   RO         3488    i.gapm_scan_request_ind_handler  ns_ble_task.o
    0x01003088   0x01003088   0x00000024   Code   RO         3489    i.gattc_cmp_evt_handler  ns_ble_task.o
    0x010030ac   0x010030ac   0x00000048   Code   RO         3490    i.gattc_mtu_changed_ind_handler  ns_ble_task.o
    0x010030f4   0x010030f4   0x000000c4   Code   RO         2607    i.gattc_read_req_ind_handler  diss_task.o
    0x010031b8   0x010031b8   0x00000030   Code   RO         2181    i.llhwc_modem_setmode  rwip_driver.o
    0x010031e8   0x010031e8   0x00000100   Code   RO         2182    i.llhwc_phy_prerx_flash  rwip_driver.o
    0x010032e8   0x010032e8   0x00000088   Code   RO         2183    i.llhwc_setmode_reg_config  rwip_driver.o
    0x01003370   0x01003370   0x00000050   Code   RO         3884    i.main              main.o
    0x010033c0   0x010033c0   0x00000070   Code   RO         3044    i.ns_EXTI4_12_IRQHandler  ns_ble.o
    0x01003430   0x01003430   0x0000012c   Code   RO         3045    i.ns_HardFault_Handler  ns_ble.o
    0x0100355c   0x0100355c   0x00000020   Code   RO         3047    i.ns_ble_add_prf_func_register  ns_ble.o
    0x0100357c   0x0100357c   0x00000028   Code   RO         3048    i.ns_ble_add_svc    ns_ble.o
    0x010035a4   0x010035a4   0x00000060   Code   RO         3050    i.ns_ble_adv_fsm_next  ns_ble.o
    0x01003604   0x01003604   0x00000044   Code   RO         3051    i.ns_ble_adv_init   ns_ble.o
    0x01003648   0x01003648   0x00000050   Code   RO         3052    i.ns_ble_adv_start  ns_ble.o
    0x01003698   0x01003698   0x00000028   Code   RO         3053    i.ns_ble_adv_stop   ns_ble.o
    0x010036c0   0x010036c0   0x00000030   Code   RO         3054    i.ns_ble_create_init  ns_ble.o
    0x010036f0   0x010036f0   0x00000030   Code   RO         3055    i.ns_ble_create_scan  ns_ble.o
    0x01003720   0x01003720   0x00000038   Code   RO         3056    i.ns_ble_delete_init  ns_ble.o
    0x01003758   0x01003758   0x00000034   Code   RO         3057    i.ns_ble_delete_scan  ns_ble.o
    0x0100378c   0x0100378c   0x0000002c   Code   RO         3058    i.ns_ble_disconnect  ns_ble.o
    0x010037b8   0x010037b8   0x00000064   Code   RO         3061    i.ns_ble_gap_init   ns_ble.o
    0x0100381c   0x0100381c   0x00000024   Code   RO         3064    i.ns_ble_get_connection_num  ns_ble.o
    0x01003840   0x01003840   0x00000050   Code   RO         3067    i.ns_ble_list_set_ral  ns_ble.o
    0x01003890   0x01003890   0x00000080   Code   RO         3069    i.ns_ble_lsc_config  ns_ble.o
    0x01003910   0x01003910   0x00000024   Code   RO         3073    i.ns_ble_prf_task_register  ns_ble.o
    0x01003934   0x01003934   0x00000046   Code   RO         3078    i.ns_ble_scan_data_find  ns_ble.o
    0x0100397a   0x0100397a   0x00000002   PAD
    0x0100397c   0x0100397c   0x00000114   Code   RO         3085    i.ns_ble_stack_init  ns_ble.o
    0x01003a90   0x01003a90   0x000000c4   Code   RO         3086    i.ns_ble_stack_vtor_init  ns_ble.o
    0x01003b54   0x01003b54   0x00000100   Code   RO         3087    i.ns_ble_start_init  ns_ble.o
    0x01003c54   0x01003c54   0x000000ac   Code   RO         3088    i.ns_ble_start_scan  ns_ble.o
    0x01003d00   0x01003d00   0x00000034   Code   RO         3089    i.ns_ble_stop_init  ns_ble.o
    0x01003d34   0x01003d34   0x0000003c   Code   RO         3090    i.ns_ble_stop_scan  ns_ble.o
    0x01003d70   0x01003d70   0x0000009c   Code   RO         3091    i.ns_ble_update_param  ns_ble.o
    0x01003e0c   0x01003e0c   0x0000008c   Code   RO         2791    i.ns_bond_db_add_entry  ns_sec.o
    0x01003e98   0x01003e98   0x0000002c   Code   RO         2792    i.ns_bond_db_get_size  ns_sec.o
    0x01003ec4   0x01003ec4   0x0000001c   Code   RO         2793    i.ns_bond_db_load   ns_sec.o
    0x01003ee0   0x01003ee0   0x00000032   Code   RO         2794    i.ns_bond_last_bonded_addr  ns_sec.o
    0x01003f12   0x01003f12   0x00000032   Code   RO         2795    i.ns_bond_last_bonded_peer_id  ns_sec.o
    0x01003f44   0x01003f44   0x00000064   Code   RO         2796    i.ns_bond_last_bonded_ral_info  ns_sec.o
    0x01003fa8   0x01003fa8   0x00000064   Code   RO         2797    i.ns_bond_resolv_addr_start  ns_sec.o
    0x0100400c   0x0100400c   0x00000064   Code   RO         2798    i.ns_bond_search_addr_irk  ns_sec.o
    0x01004070   0x01004070   0x0000004c   Code   RO         3092    i.ns_iwdg_config    ns_ble.o
    0x010040bc   0x010040bc   0x0000003c   Code   RO         2678    i.ns_log_lpuart_init  ns_log_lpuart.o
    0x010040f8   0x010040f8   0x000000b8   Code   RO         3094    i.ns_peripheral_config  ns_ble.o
    0x010041b0   0x010041b0   0x000000f0   Code   RO         2800    i.ns_sec_bond_store_evt_handler  ns_sec.o
    0x010042a0   0x010042a0   0x00000010   Code   RO         2801    i.ns_sec_get_bond_status  ns_sec.o
    0x010042b0   0x010042b0   0x0000000c   Code   RO         2802    i.ns_sec_get_iocap  ns_sec.o
    0x010042bc   0x010042bc   0x00000050   Code   RO         2803    i.ns_sec_init       ns_sec.o
    0x0100430c   0x0100430c   0x00000018   Code   RO         2719    i.ns_sleep_lock_acquire  ns_sleep.o
    0x01004324   0x01004324   0x00000014   Code   RO         2720    i.ns_sleep_lock_release  ns_sleep.o
    0x01004338   0x01004338   0x00000040   Code   RO         3095    i.patchx_enable     ns_ble.o
    0x01004378   0x01004378   0x00000088   Code   RO         2370    i.prf_add_profile   prf.o
    0x01004400   0x01004400   0x00000010   Code   RO         2373    i.prf_dst_task_get  prf.o
    0x01004410   0x01004410   0x00000030   Code   RO         2374    i.prf_env_get       prf.o
    0x01004440   0x01004440   0x00000034   Code   RO         2375    i.prf_get_id_from_task  prf.o
    0x01004474   0x01004474   0x00000024   Code   RO         2376    i.prf_get_itf_func_register  prf.o
    0x01004498   0x01004498   0x00000034   Code   RO         2377    i.prf_get_task_from_id  prf.o
    0x010044cc   0x010044cc   0x0000007c   Code   RO         2378    i.prf_init          prf.o
    0x01004548   0x01004548   0x0000002c   Code   RO         2379    i.prf_itf_get       prf.o
    0x01004574   0x01004574   0x00000030   Code   RO         2184    i.radio_freq_cal_from_trim  rwip_driver.o
    0x010045a4   0x010045a4   0x00000008   Code   RO         3762    i.rwip_eif_get_flash  app_usart.o
    0x010045ac   0x010045ac   0x00000114   Code   RO         1845    i.rwip_init         rwip.o
    0x010046c0   0x010046c0   0x0000004c   Code   RO         2189    i.rwip_lpcycles_2_hus  rwip_driver.o
    0x0100470c   0x0100470c   0x0000004c   Code   RO         2191    i.rwip_slp_isr      rwip_driver.o
    0x01004758   0x01004758   0x00000074   Code   RO         2192    i.rwip_wakeup       rwip_driver.o
    0x010047cc   0x010047cc   0x00000030   Code   RO         3763    i.usart_tx_data_blocking  app_usart.o
    0x010047fc   0x010047fc   0x000001d8   Data   RO           21    .constdata          system_n32wb03x.o
    0x010049d4   0x010049d4   0x0000000c   Data   RO          789    .constdata          n32wb03x_rcc.o
    0x010049e0   0x010049e0   0x00000324   Data   RO         1811    .constdata          n32wb03x_qflash.o
    0x01004d04   0x01004d04   0x0000001e   Data   RO         2193    .constdata          rwip_driver.o
    0x01004d22   0x01004d22   0x00000002   PAD
    0x01004d24   0x01004d24   0x000000a8   Data   RO         2514    .constdata          diss.o
    0x01004dcc   0x01004dcc   0x00000018   Data   RO         2608    .constdata          diss_task.o
    0x01004de4   0x01004de4   0x00000028   Data   RO         2809    .constdata          ns_sec.o
    0x01004e0c   0x01004e0c   0x00000008   Data   RO         2810    .constdata          ns_sec.o
    0x01004e14   0x01004e14   0x00000349   Data   RO         3097    .constdata          ns_ble.o
    0x0100515d   0x0100515d   0x00000001   PAD
    0x0100515e   0x0100515e   0x000000cd   Data   RO         3491    .constdata          ns_ble_task.o
    0x0100522b   0x0100522b   0x00000001   PAD
    0x0100522c   0x0100522c   0x000000c8   Data   RO         3492    .constdata          ns_ble_task.o
    0x010052f4   0x010052f4   0x0000000c   Data   RO         3493    .constdata          ns_ble_task.o
    0x01005300   0x01005300   0x00000008   Data   RO         3628    .constdata          app_dis.o
    0x01005308   0x01005308   0x00000008   Data   RO         3629    .constdata          app_dis.o
    0x01005310   0x01005310   0x00000021   Data   RO         3767    .constdata          app_usart.o
    0x01005331   0x01005331   0x00000003   PAD
    0x01005334   0x01005334   0x00000020   Data   RO         4251    Region$$Table       anon$$obj.o


    Execution Region RW_IRAM1 (Exec base: 0x20004000, Load base: 0x01005354, Size: 0x000016f0, Max: 0x00008000, ABSOLUTE, COMPRESSED[0x000005f8])

    Exec Addr    Load Addr    Size         Type   Attr      Idx    E Section Name        Object

    0x20004000   COMPRESSED   0x0000000c   Data   RW         1812    .data               n32wb03x_qflash.o
    0x2000400c   COMPRESSED   0x00000014   Data   RW         2194    .data               rwip_driver.o
    0x20004020   COMPRESSED   0x00000001   Data   RW         2679    .data               ns_log_lpuart.o
    0x20004021   COMPRESSED   0x00000003   PAD
    0x20004024   COMPRESSED   0x00000008   Data   RW         2721    .data               ns_sleep.o
    0x2000402c   COMPRESSED   0x00000014   PAD
    0x20004040   COMPRESSED   0x000006f4   Data   RW         3098    .data               ns_ble.o
    0x20004734   COMPRESSED   0x00000002   Data   RW         3494    .data               ns_ble_task.o
    0x20004736   COMPRESSED   0x00000001   Data   RW         3495    .data               ns_ble_task.o
    0x20004737   COMPRESSED   0x00000001   PAD
    0x20004738   COMPRESSED   0x00000018   Data   RW         3768    .data               app_usart.o
    0x20004750   COMPRESSED   0x00000004   Data   RW         3919    .data               mc_p.l(rand.o)
    0x20004754        -       0x00000034   Zero   RW           20    .bss                system_n32wb03x.o
    0x20004788        -       0x00000328   Zero   RW         1810    .bss                n32wb03x_qflash.o
    0x20004ab0        -       0x0000011c   Zero   RW         2381    .bss                prf.o
    0x20004bcc        -       0x0000005c   Zero   RW         2808    .bss                ns_sec.o
    0x20004c28        -       0x000001b0   Zero   RW         3096    .bss                ns_ble.o
    0x20004dd8        -       0x00000114   Zero   RW         3764    .bss                app_usart.o
    0x20004eec   COMPRESSED   0x00000004   PAD
    0x20004ef0        -       0x00000800   Zero   RW            1    STACK               startup_n32wb03x.o


==============================================================================

Image component sizes


      Code (inc. data)   RO Data    RW Data    ZI Data      Debug   Object Name

       416         86          0          0          0       4700   app_ble.o
       284        104         16          0          0       9156   app_dis.o
      1096        128         33         24        276      19749   app_usart.o
       376         14        168          0          0      18878   diss.o
       508         24         24          0          0      19802   diss_task.o
        80         28          0          0          0        495   main.o
       116         14          0          0          0       7128   misc.o
       244         16          0          0          0       6588   n32wb03x_dma.o
       148         16          0          0          0       2657   n32wb03x_exti.o
       230          6          0          0          0       2412   n32wb03x_gpio.o
       262         24          0          0          0       5624   n32wb03x_lpuart.o
       120         26        804         12        808       3854   n32wb03x_qflash.o
       232         52         12          0          0       4902   n32wb03x_rcc.o
       202         22          0          0          0       5257   n32wb03x_usart.o
      3954        784        841       1780        432      95608   ns_ble.o
      2920        388        417          3          0      32332   ns_ble_task.o
       198         20          0          1          0       3720   ns_log_lpuart.o
      2012        198         48          0         92     106561   ns_sec.o
        44          8          0          8          0       2469   ns_sleep.o
       508         32          0          0        284       9110   prf.o
       276         76          0          0          0      96679   rwip.o
       756        210         30         20          0      67269   rwip_driver.o
        28          8        192          0       2048        760   startup_n32wb03x.o
       702         76        472          0         52     133103   system_n32wb03x.o

    ----------------------------------------------------------------------
     15762       2372       3096       1872       3996     658813   Object Totals
        36         12         32          0          0          0   (incl. Generated)
        14          0          7         24          4          0   (incl. Padding)

    ----------------------------------------------------------------------

      Code (inc. data)   RO Data    RW Data    ZI Data      Debug   Library Member Name

        96          0          0          0          0          0   __dclz77c.o
         0          0          0          0          0          0   entry.o
         0          0          0          0          0          0   entry10a.o
         0          0          0          0          0          0   entry11a.o
         4          0          0          0          0          0   entry12b.o
         8          4          0          0          0          0   entry2.o
         4          0          0          0          0          0   entry5.o
         0          0          0          0          0          0   entry7b.o
         0          0          0          0          0          0   entry8b.o
         8          4          0          0          0          0   entry9a.o
        36          8          0          0          0         68   init.o
         0          0          0          0          0          0   iusefp.o
        32          0          0          0          0         68   llshl.o
        34          0          0          0          0         68   llushr.o
        26          0          0          0          0         72   memcmp.o
        36          0          0          0          0         60   memcpya.o
        36          0          0          0          0        100   memseta.o
      1172         52          0          0          0        324   printf8.o
        36         12          0          4          0        120   rand.o
        44          0          0          0          0         72   uidiv.o
        96          0          0          0          0         84   uldiv.o
       240          6          0          0          0         84   ddiv.o
       236          0          0          0          0        216   depilogue.o
        64         10          0          0          0         68   dfixul.o
        28          4          0          0          0         68   dfltui.o
        28          6          0          0          0         68   dfltul.o
       208          6          0          0          0         88   dmul.o

    ----------------------------------------------------------------------
      2474        112          0          4          0       1628   Library Totals
         2          0          0          0          0          0   (incl. Padding)

    ----------------------------------------------------------------------

      Code (inc. data)   RO Data    RW Data    ZI Data      Debug   Library Name

      1668         80          0          4          0       1036   mc_p.l
       804         32          0          0          0        592   mf_p.l

    ----------------------------------------------------------------------
      2474        112          0          4          0       1628   Library Totals

    ----------------------------------------------------------------------

==============================================================================


      Code (inc. data)   RO Data    RW Data    ZI Data      Debug   

     18236       2484       3096       1876       3996     651741   Grand Totals
     18236       2484       3096       1528       3996     651741   ELF Image Totals (compressed)
     18236       2484       3096       1528          0          0   ROM Totals

==============================================================================

    Total RO  Size (Code + RO Data)                21332 (  20.83kB)
    Total RW  Size (RW Data + ZI Data)              5872 (   5.73kB)
    Total ROM Size (Code + RO Data + RW Data)      22860 (  22.32kB)

==============================================================================

